Archive member included to satisfy reference by file (symbol)

c:/st/stm32cubeide_1.6.1/stm32cubeide/plugins/com.st.stm32cube.ide.mcu.externaltools.gnu-tools-for-stm32.9-2020-q2-update.win32_1.5.0.202011040924/tools/bin/../lib/gcc/arm-none-eabi/9.3.1/../../../../arm-none-eabi/lib/thumb/v6-m/nofp\libc_nano.a(lib_a-calloc.o)
                              Core/CANopenNode/CANopen.o (calloc)
c:/st/stm32cubeide_1.6.1/stm32cubeide/plugins/com.st.stm32cube.ide.mcu.externaltools.gnu-tools-for-stm32.9-2020-q2-update.win32_1.5.0.202011040924/tools/bin/../lib/gcc/arm-none-eabi/9.3.1/../../../../arm-none-eabi/lib/thumb/v6-m/nofp\libc_nano.a(lib_a-errno.o)
                              Core/Src/syscalls.o (__errno)
c:/st/stm32cubeide_1.6.1/stm32cubeide/plugins/com.st.stm32cube.ide.mcu.externaltools.gnu-tools-for-stm32.9-2020-q2-update.win32_1.5.0.202011040924/tools/bin/../lib/gcc/arm-none-eabi/9.3.1/../../../../arm-none-eabi/lib/thumb/v6-m/nofp\libc_nano.a(lib_a-exit.o)
                              c:/st/stm32cubeide_1.6.1/stm32cubeide/plugins/com.st.stm32cube.ide.mcu.externaltools.gnu-tools-for-stm32.9-2020-q2-update.win32_1.5.0.202011040924/tools/bin/../lib/gcc/arm-none-eabi/9.3.1/../../../../arm-none-eabi/lib/thumb/v6-m/nofp/crt0.o (exit)
c:/st/stm32cubeide_1.6.1/stm32cubeide/plugins/com.st.stm32cube.ide.mcu.externaltools.gnu-tools-for-stm32.9-2020-q2-update.win32_1.5.0.202011040924/tools/bin/../lib/gcc/arm-none-eabi/9.3.1/../../../../arm-none-eabi/lib/thumb/v6-m/nofp\libc_nano.a(lib_a-fflush.o)
                              Core/CANopenNode_STM32/CO_app_STM32.o (fflush)
c:/st/stm32cubeide_1.6.1/stm32cubeide/plugins/com.st.stm32cube.ide.mcu.externaltools.gnu-tools-for-stm32.9-2020-q2-update.win32_1.5.0.202011040924/tools/bin/../lib/gcc/arm-none-eabi/9.3.1/../../../../arm-none-eabi/lib/thumb/v6-m/nofp\libc_nano.a(lib_a-findfp.o)
                              c:/st/stm32cubeide_1.6.1/stm32cubeide/plugins/com.st.stm32cube.ide.mcu.externaltools.gnu-tools-for-stm32.9-2020-q2-update.win32_1.5.0.202011040924/tools/bin/../lib/gcc/arm-none-eabi/9.3.1/../../../../arm-none-eabi/lib/thumb/v6-m/nofp\libc_nano.a(lib_a-fflush.o) (__sinit)
c:/st/stm32cubeide_1.6.1/stm32cubeide/plugins/com.st.stm32cube.ide.mcu.externaltools.gnu-tools-for-stm32.9-2020-q2-update.win32_1.5.0.202011040924/tools/bin/../lib/gcc/arm-none-eabi/9.3.1/../../../../arm-none-eabi/lib/thumb/v6-m/nofp\libc_nano.a(lib_a-fwalk.o)
                              c:/st/stm32cubeide_1.6.1/stm32cubeide/plugins/com.st.stm32cube.ide.mcu.externaltools.gnu-tools-for-stm32.9-2020-q2-update.win32_1.5.0.202011040924/tools/bin/../lib/gcc/arm-none-eabi/9.3.1/../../../../arm-none-eabi/lib/thumb/v6-m/nofp\libc_nano.a(lib_a-findfp.o) (_fwalk)
c:/st/stm32cubeide_1.6.1/stm32cubeide/plugins/com.st.stm32cube.ide.mcu.externaltools.gnu-tools-for-stm32.9-2020-q2-update.win32_1.5.0.202011040924/tools/bin/../lib/gcc/arm-none-eabi/9.3.1/../../../../arm-none-eabi/lib/thumb/v6-m/nofp\libc_nano.a(lib_a-impure.o)
                              c:/st/stm32cubeide_1.6.1/stm32cubeide/plugins/com.st.stm32cube.ide.mcu.externaltools.gnu-tools-for-stm32.9-2020-q2-update.win32_1.5.0.202011040924/tools/bin/../lib/gcc/arm-none-eabi/9.3.1/../../../../arm-none-eabi/lib/thumb/v6-m/nofp\libc_nano.a(lib_a-exit.o) (_global_impure_ptr)
c:/st/stm32cubeide_1.6.1/stm32cubeide/plugins/com.st.stm32cube.ide.mcu.externaltools.gnu-tools-for-stm32.9-2020-q2-update.win32_1.5.0.202011040924/tools/bin/../lib/gcc/arm-none-eabi/9.3.1/../../../../arm-none-eabi/lib/thumb/v6-m/nofp\libc_nano.a(lib_a-init.o)
                              c:/st/stm32cubeide_1.6.1/stm32cubeide/plugins/com.st.stm32cube.ide.mcu.externaltools.gnu-tools-for-stm32.9-2020-q2-update.win32_1.5.0.202011040924/tools/bin/../lib/gcc/arm-none-eabi/9.3.1/../../../../arm-none-eabi/lib/thumb/v6-m/nofp/crt0.o (__libc_init_array)
c:/st/stm32cubeide_1.6.1/stm32cubeide/plugins/com.st.stm32cube.ide.mcu.externaltools.gnu-tools-for-stm32.9-2020-q2-update.win32_1.5.0.202011040924/tools/bin/../lib/gcc/arm-none-eabi/9.3.1/../../../../arm-none-eabi/lib/thumb/v6-m/nofp\libc_nano.a(lib_a-lock.o)
                              c:/st/stm32cubeide_1.6.1/stm32cubeide/plugins/com.st.stm32cube.ide.mcu.externaltools.gnu-tools-for-stm32.9-2020-q2-update.win32_1.5.0.202011040924/tools/bin/../lib/gcc/arm-none-eabi/9.3.1/../../../../arm-none-eabi/lib/thumb/v6-m/nofp\libc_nano.a(lib_a-findfp.o) (__retarget_lock_init_recursive)
c:/st/stm32cubeide_1.6.1/stm32cubeide/plugins/com.st.stm32cube.ide.mcu.externaltools.gnu-tools-for-stm32.9-2020-q2-update.win32_1.5.0.202011040924/tools/bin/../lib/gcc/arm-none-eabi/9.3.1/../../../../arm-none-eabi/lib/thumb/v6-m/nofp\libc_nano.a(lib_a-malloc.o)
                              Core/CANopenNode/CANopen.o (free)
[...]
Memory Configuration

Name             Origin             Length             Attributes
RAM              0x0000000020000000 0x0000000000024000 xrw
FLASH            0x0000000008000000 0x0000000000080000 xr
*default*        0x0000000000000000 0xffffffffffffffff

Linker script and memory map

LOAD c:/st/stm32cubeide_1.6.1/stm32cubeide/plugins/com.st.stm32cube.ide.mcu.externaltools.gnu-tools-for-stm32.9-2020-q2-update.win32_1.5.0.202011040924/tools/bin/../lib/gcc/arm-none-eabi/9.3.1/thumb/v6-m/nofp/crti.o
LOAD c:/st/stm32cubeide_1.6.1/stm32cubeide/plugins/com.st.stm32cube.ide.mcu.externaltools.gnu-tools-for-stm32.9-2020-q2-update.win32_1.5.0.202011040924/tools/bin/../lib/gcc/arm-none-eabi/9.3.1/thumb/v6-m/nofp/crtbegin.o
LOAD c:/st/stm32cubeide_1.6.1/stm32cubeide/plugins/com.st.stm32cube.ide.mcu.externaltools.gnu-tools-for-stm32.9-2020-q2-update.win32_1.5.0.202011040924/tools/bin/../lib/gcc/arm-none-eabi/9.3.1/../../../../arm-none-eabi/lib/thumb/v6-m/nofp/crt0.o
LOAD Core/CANopenNode/301/CO_Emergency.o
LOAD Core/CANopenNode/301/CO_HBconsumer.o
LOAD Core/CANopenNode/301/CO_NMT_Heartbeat.o
LOAD Core/CANopenNode/301/CO_ODinterface.o
LOAD Core/CANopenNode/301/CO_PDO.o
LOAD Core/CANopenNode/301/CO_SDOclient.o
LOAD Core/CANopenNode/301/CO_SDOserver.o
LOAD Core/CANopenNode/301/CO_SYNC.o
LOAD Core/CANopenNode/301/CO_TIME.o
LOAD Core/CANopenNode/301/CO_fifo.o
LOAD Core/CANopenNode/301/crc16-ccitt.o
LOAD Core/CANopenNode/303/CO_LEDs.o
LOAD Core/CANopenNode/304/CO_GFC.o
LOAD Core/CANopenNode/304/CO_SRDO.o
LOAD Core/CANopenNode/305/CO_LSSmaster.o
LOAD Core/CANopenNode/305/CO_LSSslave.o
LOAD Core/CANopenNode/309/CO_gateway_ascii.o
LOAD Core/CANopenNode/CANopen.o
LOAD Core/CANopenNode/extra/CO_trace.o
LOAD Core/CANopenNode/storage/CO_storage.o
LOAD Core/CANopenNode/storage/CO_storageEeprom.o
LOAD Core/CANopenNode_STM32/CO_app_STM32.o
LOAD Core/CANopenNode_STM32/CO_driver_STM32.o
LOAD Core/CANopenNode_STM32/CO_storageBlank.o
LOAD Core/CANopenNode_STM32/OD.o
LOAD Core/Src/app_freertos.o
LOAD Core/Src/conf_inputs.o
LOAD Core/Src/fdcan.o
LOAD Core/Src/gpio.o
LOAD Core/Src/main.o
LOAD Core/Src/stm32g0xx_hal_msp.o
LOAD Core/Src/stm32g0xx_hal_timebase_tim.o
LOAD Core/Src/stm32g0xx_it.o
LOAD Core/Src/syscalls.o
LOAD Core/Src/sysmem.o
LOAD Core/Src/system_stm32g0xx.o
LOAD Core/Src/tim.o
LOAD Core/Startup/startup_stm32g0b1vetx.o
LOAD Drivers/STM32G0xx_HAL_Driver/Src/stm32g0xx_hal.o
LOAD Drivers/STM32G0xx_HAL_Driver/Src/stm32g0xx_hal_cortex.o
LOAD Drivers/STM32G0xx_HAL_Driver/Src/stm32g0xx_hal_dma.o
LOAD Drivers/STM32G0xx_HAL_Driver/Src/stm32g0xx_hal_dma_ex.o
LOAD Drivers/STM32G0xx_HAL_Driver/Src/stm32g0xx_hal_exti.o
LOAD Drivers/STM32G0xx_HAL_Driver/Src/stm32g0xx_hal_fdcan.o
LOAD Drivers/STM32G0xx_HAL_Driver/Src/stm32g0xx_hal_flash.o
LOAD Drivers/STM32G0xx_HAL_Driver/Src/stm32g0xx_hal_flash_ex.o
LOAD Drivers/STM32G0xx_HAL_Driver/Src/stm32g0xx_hal_gpio.o
LOAD Drivers/STM32G0xx_HAL_Driver/Src/stm32g0xx_hal_pwr.o
LOAD Drivers/STM32G0xx_HAL_Driver/Src/stm32g0xx_hal_pwr_ex.o
LOAD Drivers/STM32G0xx_HAL_Driver/Src/stm32g0xx_hal_rcc.o
LOAD Drivers/STM32G0xx_HAL_Driver/Src/stm32g0xx_hal_rcc_ex.o
LOAD Drivers/STM32G0xx_HAL_Driver/Src/stm32g0xx_hal_tim.o
LOAD Drivers/STM32G0xx_HAL_Driver/Src/stm32g0xx_hal_tim_ex.o
LOAD Drivers/STM32G0xx_HAL_Driver/Src/stm32g0xx_ll_dma.o
LOAD Drivers/STM32G0xx_HAL_Driver/Src/stm32g0xx_ll_rcc.o
LOAD Middlewares/Third_Party/FreeRTOS/Source/CMSIS_RTOS_V2/cmsis_os2.o
LOAD Middlewares/Third_Party/FreeRTOS/Source/croutine.o
LOAD Middlewares/Third_Party/FreeRTOS/Source/event_groups.o
LOAD Middlewares/Third_Party/FreeRTOS/Source/list.o
LOAD Middlewares/Third_Party/FreeRTOS/Source/queue.o
LOAD Middlewares/Third_Party/FreeRTOS/Source/stream_buffer.o
LOAD Middlewares/Third_Party/FreeRTOS/Source/tasks.o
LOAD Middlewares/Third_Party/FreeRTOS/Source/timers.o
LOAD Middlewares/Third_Party/FreeRTOS/Source/portable/GCC/ARM_CM0/port.o
LOAD Middlewares/Third_Party/FreeRTOS/Source/portable/MemMang/heap_4.o
START GROUP
LOAD c:/st/stm32cubeide_1.6.1/stm32cubeide/plugins/com.st.stm32cube.ide.mcu.externaltools.gnu-tools-for-stm32.9-2020-q2-update.win32_1.5.0.202011040924/tools/bin/../lib/gcc/arm-none-eabi/9.3.1/../../../../arm-none-eabi/lib/thumb/v6-m/nofp\libstdc++_nano.a
LOAD c:/st/stm32cubeide_1.6.1/stm32cubeide/plugins/com.st.stm32cube.ide.mcu.externaltools.gnu-tools-for-stm32.9-2020-q2-update.win32_1.5.0.202011040924/tools/bin/../lib/gcc/arm-none-eabi/9.3.1/../../../../arm-none-eabi/lib/thumb/v6-m/nofp\libsupc++_nano.a
END GROUP
LOAD c:/st/stm32cubeide_1.6.1/stm32cubeide/plugins/com.st.stm32cube.ide.mcu.externaltools.gnu-tools-for-stm32.9-2020-q2-update.win32_1.5.0.202011040924/tools/bin/../lib/gcc/arm-none-eabi/9.3.1/../../../../arm-none-eabi/lib/thumb/v6-m/nofp\libstdc++_nano.a
LOAD c:/st/stm32cubeide_1.6.1/stm32cubeide/plugins/com.st.stm32cube.ide.mcu.externaltools.gnu-tools-for-stm32.9-2020-q2-update.win32_1.5.0.202011040924/tools/bin/../lib/gcc/arm-none-eabi/9.3.1/../../../../arm-none-eabi/lib/thumb/v6-m/nofp\libm.a
LOAD c:/st/stm32cubeide_1.6.1/stm32cubeide/plugins/com.st.stm32cube.ide.mcu.externaltools.gnu-tools-for-stm32.9-2020-q2-update.win32_1.5.0.202011040924/tools/bin/../lib/gcc/arm-none-eabi/9.3.1/../../../../arm-none-eabi/lib/thumb/v6-m/nofp\libc_nano.a
START GROUP
LOAD c:/st/stm32cubeide_1.6.1/stm32cubeide/plugins/com.st.stm32cube.ide.mcu.externaltools.gnu-tools-for-stm32.9-2020-q2-update.win32_1.5.0.202011040924/tools/bin/../lib/gcc/arm-none-eabi/9.3.1/thumb/v6-m/nofp\libgcc.a
LOAD c:/st/stm32cubeide_1.6.1/stm32cubeide/plugins/com.st.stm32cube.ide.mcu.externaltools.gnu-tools-for-stm32.9-2020-q2-update.win32_1.5.0.202011040924/tools/bin/../lib/gcc/arm-none-eabi/9.3.1/../../../../arm-none-eabi/lib/thumb/v6-m/nofp\libc_nano.a
END GROUP
START GROUP
LOAD c:/st/stm32cubeide_1.6.1/stm32cubeide/plugins/com.st.stm32cube.ide.mcu.externaltools.gnu-tools-for-stm32.9-2020-q2-update.win32_1.5.0.202011040924/tools/bin/../lib/gcc/arm-none-eabi/9.3.1/thumb/v6-m/nofp\libgcc.a
LOAD c:/st/stm32cubeide_1.6.1/stm32cubeide/plugins/com.st.stm32cube.ide.mcu.externaltools.gnu-tools-for-stm32.9-2020-q2-update.win32_1.5.0.202011040924/tools/bin/../lib/gcc/arm-none-eabi/9.3.1/../../../../arm-none-eabi/lib/thumb/v6-m/nofp\libc_nano.a
LOAD c:/st/stm32cubeide_1.6.1/stm32cubeide/plugins/com.st.stm32cube.ide.mcu.externaltools.gnu-tools-for-stm32.9-2020-q2-update.win32_1.5.0.202011040924/tools/bin/../lib/gcc/arm-none-eabi/9.3.1/../../../../arm-none-eabi/lib/thumb/v6-m/nofp\libnosys.a
END GROUP
START GROUP
LOAD c:/st/stm32cubeide_1.6.1/stm32cubeide/plugins/com.st.stm32cube.ide.mcu.externaltools.gnu-tools-for-stm32.9-2020-q2-update.win32_1.5.0.202011040924/tools/bin/../lib/gcc/arm-none-eabi/9.3.1/thumb/v6-m/nofp\libgcc.a
LOAD c:/st/stm32cubeide_1.6.1/stm32cubeide/plugins/com.st.stm32cube.ide.mcu.externaltools.gnu-tools-for-stm32.9-2020-q2-update.win32_1.5.0.202011040924/tools/bin/../lib/gcc/arm-none-eabi/9.3.1/../../../../arm-none-eabi/lib/thumb/v6-m/nofp\libc_nano.a
LOAD c:/st/stm32cubeide_1.6.1/stm32cubeide/plugins/com.st.stm32cube.ide.mcu.externaltools.gnu-tools-for-stm32.9-2020-q2-update.win32_1.5.0.202011040924/tools/bin/../lib/gcc/arm-none-eabi/9.3.1/../../../../arm-none-eabi/lib/thumb/v6-m/nofp\libnosys.a
END GROUP
LOAD c:/st/stm32cubeide_1.6.1/stm32cubeide/plugins/com.st.stm32cube.ide.mcu.externaltools.gnu-tools-for-stm32.9-2020-q2-update.win32_1.5.0.202011040924/tools/bin/../lib/gcc/arm-none-eabi/9.3.1/thumb/v6-m/nofp/crtend.o
LOAD c:/st/stm32cubeide_1.6.1/stm32cubeide/plugins/com.st.stm32cube.ide.mcu.externaltools.gnu-tools-for-stm32.9-2020-q2-update.win32_1.5.0.202011040924/tools/bin/../lib/gcc/arm-none-eabi/9.3.1/thumb/v6-m/nofp/crtn.o
                0x0000000020024000                _estack = (ORIGIN (RAM) + LENGTH (RAM))
                0x0000000000000200                _Min_Heap_Size = 0x200
                0x0000000000000400                _Min_Stack_Size = 0x400

.isr_vector     0x0000000008000000       0xbc
                0x0000000008000000                . = ALIGN (0x4)
 *(.isr_vector)
 .isr_vector    0x0000000008000000       0xbc Core/Startup/startup_stm32g0b1vetx.o
                0x0000000008000000                g_pfnVectors
                0x00000000080000bc                . = ALIGN (0x4)

.text           0x00000000080000c0     0xe73c
                0x00000000080000c0                . = ALIGN (0x4)
 *(.text)
 .text          0x00000000080000c0       0x48 c:/st/stm32cubeide_1.6.1/stm32cubeide/plugins/com.st.stm32cube.ide.mcu.externaltools.gnu-tools-for-stm32.9-2020-q2-update.win32_1.5.0.202011040924/tools/bin/../lib/gcc/arm-none-eabi/9.3.1/thumb/v6-m/nofp/crtbegin.o
 .text          0x0000000008000108        0xe c:/st/stm32cubeide_1.6.1/stm32cubeide/plugins/com.st.stm32cube.ide.mcu.externaltools.gnu-tools-for-stm32.9-2020-q2-update.win32_1.5.0.202011040924/tools/bin/../lib/gcc/arm-none-eabi/9.3.1/../../../../arm-none-eabi/lib/thumb/v6-m/nofp\libc_nano.a(lib_a-strlen.o)
                0x0000000008000108                strlen
 *fill*         0x0000000008000116        0x2 
 .text          0x0000000008000118       0x14 c:/st/stm32cubeide_1.6.1/stm32cubeide/plugins/com.st.stm32cube.ide.mcu.externaltools.gnu-tools-for-stm32.9-2020-q2-update.win32_1.5.0.202011040924/tools/bin/../lib/gcc/arm-none-eabi/9.3.1/thumb/v6-m/nofp\libgcc.a(_thumb1_case_shi.o)
                0x0000000008000118                __gnu_thumb1_case_shi
 .text          0x000000000800012c      0x114 c:/st/stm32cubeide_1.6.1/stm32cubeide/plugins/com.st.stm32cube.ide.mcu.externaltools.gnu-tools-for-stm32.9-2020-q2-update.win32_1.5.0.202011040924/tools/bin/../lib/gcc/arm-none-eabi/9.3.1/thumb/v6-m/nofp\libgcc.a(_udivsi3.o)
                0x000000000800012c                __aeabi_uidiv
                0x000000000800012c                __udivsi3
                0x0000000008000238                __aeabi_uidivmod
 .text          0x0000000008000240        0x4 c:/st/stm32cubeide_1.6.1/stm32cubeide/plugins/com.st.stm32cube.ide.mcu.externaltools.gnu-tools-for-stm32.9-2020-q2-update.win32_1.5.0.202011040924/tools/bin/../lib/gcc/arm-none-eabi/9.3.1/thumb/v6-m/nofp\libgcc.a(_dvmd_tls.o)
                0x0000000008000240                __aeabi_idiv0
                0x0000000008000240                __aeabi_ldiv0
 *(.text*)
 .text.CO_getUint8
                0x0000000008000244       0x1e Core/CANopenNode/301/CO_Emergency.o
 .text.CO_setUint8
                0x0000000008000262       0x20 Core/CANopenNode/301/CO_Emergency.o
 .text.CO_setUint32
                0x0000000008000282       0x20 Core/CANopenNode/301/CO_Emergency.o
 .text.OD_getIndex
                0x00000000080002a2       0x1e Core/CANopenNode/301/CO_Emergency.o
 .text.OD_extension_init
                0x00000000080002c0       0x24 Core/CANopenNode/301/CO_Emergency.o
 .text.OD_get_u32
                0x00000000080002e4       0x30 Core/CANopenNode/301/CO_Emergency.o
 .text.OD_read_1014_default
                0x0000000008000314       0x76 Core/CANopenNode/301/CO_Emergency.o
 .text.OD_read_1003
                0x000000000800038a       0xf2 Core/CANopenNode/301/CO_Emergency.o
 .text.OD_write_1003
                0x000000000800047c       0x60 Core/CANopenNode/301/CO_Emergency.o
 .text.CO_EM_init
                0x00000000080004dc      0x200 Core/CANopenNode/301/CO_Emergency.o
                0x00000000080004dc                CO_EM_init
 .text.CO_EM_process
                0x00000000080006dc      0x2f8 Core/CANopenNode/301/CO_Emergency.o
                0x00000000080006dc                CO_EM_process
 .text.CO_error
                0x00000000080009d4      0x1a8 Core/CANopenNode/301/CO_Emergency.o
                0x00000000080009d4                CO_error
 .text.CO_getUint32
                0x0000000008000b7c       0x20 Core/CANopenNode/301/CO_HBconsumer.o
 .text.OD_getIndex
                0x0000000008000b9c       0x1e Core/CANopenNode/301/CO_HBconsumer.o
 .text.OD_extension_init
                0x0000000008000bba       0x24 Core/CANopenNode/301/CO_HBconsumer.o
 .text.OD_get_u32
                0x0000000008000bde       0x30 Core/CANopenNode/301/CO_HBconsumer.o
 .text.CO_HBcons_receive
                0x0000000008000c0e       0x3e Core/CANopenNode/301/CO_HBconsumer.o
 .text.OD_write_1016
                0x0000000008000c4c       0xa6 Core/CANopenNode/301/CO_HBconsumer.o
 *fill*         0x0000000008000cf2        0x2 
 .text.CO_HBconsumer_init
                0x0000000008000cf4      0x1b0 Core/CANopenNode/301/CO_HBconsumer.o
                0x0000000008000cf4                CO_HBconsumer_init
 .text.CO_HBconsumer_initEntry
                0x0000000008000ea4      0x194 Core/CANopenNode/301/CO_HBconsumer.o
 .text.CO_HBconsumer_process
                0x0000000008001038      0x1d0 Core/CANopenNode/301/CO_HBconsumer.o
                0x0000000008001038                CO_HBconsumer_process
 .text.CO_getUint16
                0x0000000008001208       0x22 Core/CANopenNode/301/CO_NMT_Heartbeat.o
 .text.OD_getIndex
                0x000000000800122a       0x1e Core/CANopenNode/301/CO_NMT_Heartbeat.o
 .text.OD_extension_init
                0x0000000008001248       0x24 Core/CANopenNode/301/CO_NMT_Heartbeat.o
 .text.OD_get_u16
                0x000000000800126c       0x30 Core/CANopenNode/301/CO_NMT_Heartbeat.o
 .text.CO_isError
                0x000000000800129c       0x5c Core/CANopenNode/301/CO_NMT_Heartbeat.o
 .text.CO_getErrorRegister
                0x00000000080012f8       0x28 Core/CANopenNode/301/CO_NMT_Heartbeat.o
 .text.CO_NMT_receive
                0x0000000008001320       0x60 Core/CANopenNode/301/CO_NMT_Heartbeat.o
 .text.OD_write_1017
                0x0000000008001380       0x72 Core/CANopenNode/301/CO_NMT_Heartbeat.o
 *fill*         0x00000000080013f2        0x2 
 .text.CO_NMT_init
                0x00000000080013f4      0x1f8 Core/CANopenNode/301/CO_NMT_Heartbeat.o
                0x00000000080013f4                CO_NMT_init
 .text.CO_NMT_process
                0x00000000080015ec      0x21a Core/CANopenNode/301/CO_NMT_Heartbeat.o
                0x00000000080015ec                CO_NMT_process
 .text.OD_readOriginal
                0x0000000008001806       0xbe Core/CANopenNode/301/CO_ODinterface.o
                0x0000000008001806                OD_readOriginal
 .text.OD_writeOriginal
                0x00000000080018c4       0xca Core/CANopenNode/301/CO_ODinterface.o
                0x00000000080018c4                OD_writeOriginal
 .text.OD_readDisabled
                0x000000000800198e       0x18 Core/CANopenNode/301/CO_ODinterface.o
 .text.OD_writeDisabled
                0x00000000080019a6       0x18 Core/CANopenNode/301/CO_ODinterface.o
 .text.OD_find  0x00000000080019be       0xf6 Core/CANopenNode/301/CO_ODinterface.o
                0x00000000080019be                OD_find
 .text.OD_getSub
                0x0000000008001ab4      0x204 Core/CANopenNode/301/CO_ODinterface.o
                0x0000000008001ab4                OD_getSub
 .text.OD_getSDOabCode
                0x0000000008001cb8       0x3c Core/CANopenNode/301/CO_ODinterface.o
                0x0000000008001cb8                OD_getSDOabCode
 .text.OD_get_value
                0x0000000008001cf4       0x7e Core/CANopenNode/301/CO_ODinterface.o
                0x0000000008001cf4                OD_get_value
 .text.OD_set_value
                0x0000000008001d72       0x72 Core/CANopenNode/301/CO_ODinterface.o
                0x0000000008001d72                OD_set_value
 .text.OD_getPtr
                0x0000000008001de4       0x98 Core/CANopenNode/301/CO_ODinterface.o
                0x0000000008001de4                OD_getPtr
 .text.CO_getUint8
                0x0000000008001e7c       0x1e Core/CANopenNode/301/CO_PDO.o
 .text.CO_getUint16
                0x0000000008001e9a       0x22 Core/CANopenNode/301/CO_PDO.o
 .text.CO_getUint32
                0x0000000008001ebc       0x20 Core/CANopenNode/301/CO_PDO.o
 .text.CO_setUint32
                0x0000000008001edc       0x20 Core/CANopenNode/301/CO_PDO.o
 .text.OD_getIndex
                0x0000000008001efc       0x1e Core/CANopenNode/301/CO_PDO.o
 .text.OD_extension_init
                0x0000000008001f1a       0x24 Core/CANopenNode/301/CO_PDO.o
 .text.OD_get_u8
                0x0000000008001f3e       0x30 Core/CANopenNode/301/CO_PDO.o
 .text.OD_get_u16
                0x0000000008001f6e       0x30 Core/CANopenNode/301/CO_PDO.o
 .text.OD_get_u32
                0x0000000008001f9e       0x30 Core/CANopenNode/301/CO_PDO.o
 .text.OD_write_dummy
                0x0000000008001fce       0x24 Core/CANopenNode/301/CO_PDO.o
 .text.OD_read_dummy
                0x0000000008001ff2       0x50 Core/CANopenNode/301/CO_PDO.o
 *fill*         0x0000000008002042        0x2 
 .text.PDOconfigMap
                0x0000000008002044      0x1bc Core/CANopenNode/301/CO_PDO.o
 .text.PDO_initMapping
                0x0000000008002200      0x188 Core/CANopenNode/301/CO_PDO.o
 .text.OD_write_PDO_mapping
                0x0000000008002388      0x166 Core/CANopenNode/301/CO_PDO.o
 *fill*         0x00000000080024ee        0x2 
 .text.OD_read_PDO_commParam
                0x00000000080024f0       0xc0 Core/CANopenNode/301/CO_PDO.o
 .text.CO_RPDO_process
                0x00000000080025b0      0x2b0 Core/CANopenNode/301/CO_PDO.o
                0x00000000080025b0                CO_RPDO_process
 .text.OD_write_18xx
                0x0000000008002860      0x328 Core/CANopenNode/301/CO_PDO.o
 .text.CO_TPDO_init
                0x0000000008002b88      0x3a0 Core/CANopenNode/301/CO_PDO.o
                0x0000000008002b88                CO_TPDO_init
 .text.CO_TPDOsend
                0x0000000008002f28      0x178 Core/CANopenNode/301/CO_PDO.o
 .text.CO_TPDO_process
                0x00000000080030a0      0x27e Core/CANopenNode/301/CO_PDO.o
                0x00000000080030a0                CO_TPDO_process
 .text.CO_getUint8
                0x000000000800331e       0x1e Core/CANopenNode/301/CO_SDOserver.o
 .text.CO_getUint32
                0x000000000800333c       0x20 Core/CANopenNode/301/CO_SDOserver.o
 .text.OD_getIndex
                0x000000000800335c       0x1e Core/CANopenNode/301/CO_SDOserver.o
 .text.OD_mappable
                0x000000000800337a       0x28 Core/CANopenNode/301/CO_SDOserver.o
 .text.OD_extension_init
                0x00000000080033a2       0x24 Core/CANopenNode/301/CO_SDOserver.o
 .text.OD_get_u8
                0x00000000080033c6       0x30 Core/CANopenNode/301/CO_SDOserver.o
 .text.OD_get_u32
                0x00000000080033f6       0x30 Core/CANopenNode/301/CO_SDOserver.o
 .text.OD_set_u32
                0x0000000008003426       0x30 Core/CANopenNode/301/CO_SDOserver.o
 .text.CO_SDO_receive
                0x0000000008003456       0x60 Core/CANopenNode/301/CO_SDOserver.o
 *fill*         0x00000000080034b6        0x2 
 .text.CO_SDOserver_init_canRxTx
                0x00000000080034b8      0x108 Core/CANopenNode/301/CO_SDOserver.o
 .text.OD_write_1201_additional
                0x00000000080035c0      0x2a8 Core/CANopenNode/301/CO_SDOserver.o
 .text.CO_SDOserver_init
                0x0000000008003868      0x2d8 Core/CANopenNode/301/CO_SDOserver.o
                0x0000000008003868                CO_SDOserver_init
 .text.validateAndWriteToOD
                0x0000000008003b40      0x240 Core/CANopenNode/301/CO_SDOserver.o
 .text.readFromOd
                0x0000000008003d80      0x1ac Core/CANopenNode/301/CO_SDOserver.o
 .text.CO_SDOserver_process
                0x0000000008003f2c      0xa04 Core/CANopenNode/301/CO_SDOserver.o
                0x0000000008003f2c                CO_SDOserver_process
 .text.CO_getUint8
                0x0000000008004930       0x1e Core/CANopenNode/301/CO_SYNC.o
 .text.CO_getUint32
                0x000000000800494e       0x20 Core/CANopenNode/301/CO_SYNC.o
 .text.OD_getIndex
                0x000000000800496e       0x1e Core/CANopenNode/301/CO_SYNC.o
 .text.OD_extension_init
                0x000000000800498c       0x24 Core/CANopenNode/301/CO_SYNC.o
 .text.OD_get_u8
                0x00000000080049b0       0x30 Core/CANopenNode/301/CO_SYNC.o
 .text.OD_get_u32
                0x00000000080049e0       0x30 Core/CANopenNode/301/CO_SYNC.o
 .text.CO_SYNCsend
                0x0000000008004a10       0x60 Core/CANopenNode/301/CO_SYNC.o
 .text.CO_SYNC_receive
                0x0000000008004a70       0x98 Core/CANopenNode/301/CO_SYNC.o
 .text.OD_write_1005
                0x0000000008004b08      0x1d4 Core/CANopenNode/301/CO_SYNC.o
 .text.OD_write_1019
                0x0000000008004cdc       0xcc Core/CANopenNode/301/CO_SYNC.o
 .text.CO_SYNC_init
                0x0000000008004da8      0x2ac Core/CANopenNode/301/CO_SYNC.o
                0x0000000008004da8                CO_SYNC_init
 .text.CO_SYNC_process
                0x0000000008005054      0x194 Core/CANopenNode/301/CO_SYNC.o
                0x0000000008005054                CO_SYNC_process
 .text.CO_getUint16
                0x00000000080051e8       0x22 Core/CANopenNode/301/CO_TIME.o
 .text.CO_getUint32
                0x000000000800520a       0x20 Core/CANopenNode/301/CO_TIME.o
 .text.OD_getIndex
                0x000000000800522a       0x1e Core/CANopenNode/301/CO_TIME.o
 .text.OD_extension_init
                0x0000000008005248       0x24 Core/CANopenNode/301/CO_TIME.o
 .text.OD_get_u32
                0x000000000800526c       0x30 Core/CANopenNode/301/CO_TIME.o
 .text.CO_TIME_receive
                0x000000000800529c       0x40 Core/CANopenNode/301/CO_TIME.o
 .text.OD_write_1012
                0x00000000080052dc      0x114 Core/CANopenNode/301/CO_TIME.o
 .text.CO_TIME_init
                0x00000000080053f0      0x124 Core/CANopenNode/301/CO_TIME.o
                0x00000000080053f0                CO_TIME_init
 .text.CO_TIME_process
                0x0000000008005514       0xf0 Core/CANopenNode/301/CO_TIME.o
                0x0000000008005514                CO_TIME_process
 .text.CO_LEDs_init
                0x0000000008005604       0x38 Core/CANopenNode/303/CO_LEDs.o
                0x0000000008005604                CO_LEDs_init
 .text.CO_LEDs_process
                0x000000000800563c      0x3b8 Core/CANopenNode/303/CO_LEDs.o
                0x000000000800563c                CO_LEDs_process
 .text.CO_LSSslave_receive
                0x00000000080059f4      0x2d0 Core/CANopenNode/305/CO_LSSslave.o
 .text.CO_LSSslave_init
                0x0000000008005cc4      0x128 Core/CANopenNode/305/CO_LSSslave.o
                0x0000000008005cc4                CO_LSSslave_init
 .text.CO_LSSslave_process
                0x0000000008005dec      0x338 Core/CANopenNode/305/CO_LSSslave.o
                0x0000000008005dec                CO_LSSslave_process
 .text.CO_isError
                0x0000000008006124       0x5c Core/CANopenNode/CANopen.o
 .text.CO_getErrorRegister
                0x0000000008006180       0x28 Core/CANopenNode/CANopen.o
 .text.CO_NMT_getInternalState
                0x00000000080061a8       0x20 Core/CANopenNode/CANopen.o
 .text.CO_LSSslave_getState
                0x00000000080061c8       0x1e Core/CANopenNode/CANopen.o
 .text.CO_new   0x00000000080061e6      0x284 Core/CANopenNode/CANopen.o
                0x00000000080061e6                CO_new
 .text.CO_delete
                0x000000000800646a       0xc0 Core/CANopenNode/CANopen.o
                0x000000000800646a                CO_delete
 .text.CO_CANinit
                0x000000000800652a       0x62 Core/CANopenNode/CANopen.o
                0x000000000800652a                CO_CANinit
 .text.CO_LSSinit
                0x000000000800658c       0x7c Core/CANopenNode/CANopen.o
                0x000000000800658c                CO_LSSinit
 .text.CO_CANopenInit
                0x0000000008006608      0x334 Core/CANopenNode/CANopen.o
                0x0000000008006608                CO_CANopenInit
 .text.CO_CANopenInitPDO
                0x000000000800693c      0x14c Core/CANopenNode/CANopen.o
                0x000000000800693c                CO_CANopenInitPDO
 .text.CO_process
                0x0000000008006a88      0x218 Core/CANopenNode/CANopen.o
                0x0000000008006a88                CO_process
 .text.CO_process_SYNC
                0x0000000008006ca0       0x90 Core/CANopenNode/CANopen.o
                0x0000000008006ca0                CO_process_SYNC
 .text.CO_process_RPDO
                0x0000000008006d30       0x8a Core/CANopenNode/CANopen.o
                0x0000000008006d30                CO_process_RPDO
 .text.CO_process_TPDO
                0x0000000008006dba       0x80 Core/CANopenNode/CANopen.o
                0x0000000008006dba                CO_process_TPDO
 *fill*         0x0000000008006e3a        0x2 
 .text.canopen_app_init
                0x0000000008006e3c       0x70 Core/CANopenNode_STM32/CO_app_STM32.o
                0x0000000008006e3c                canopen_app_init
 .text.canopen_app_resetCommunication
                0x0000000008006eac      0x264 Core/CANopenNode_STM32/CO_app_STM32.o
                0x0000000008006eac                canopen_app_resetCommunication
 .text.canopen_app_process
                0x0000000008007110       0xe4 Core/CANopenNode_STM32/CO_app_STM32.o
                0x0000000008007110                canopen_app_process
 .text.canopen_app_interrupt
                0x00000000080071f4       0x88 Core/CANopenNode_STM32/CO_app_STM32.o
                0x00000000080071f4                canopen_app_interrupt
 .text.CO_CANsetConfigurationMode
                0x000000000800727c       0x20 Core/CANopenNode_STM32/CO_driver_STM32.o
                0x000000000800727c                CO_CANsetConfigurationMode
 .text.CO_CANsetNormalMode
                0x000000000800729c       0x2e Core/CANopenNode_STM32/CO_driver_STM32.o
                0x000000000800729c                CO_CANsetNormalMode
 *fill*         0x00000000080072ca        0x2 
 .text.CO_CANmodule_init
                0x00000000080072cc      0x188 Core/CANopenNode_STM32/CO_driver_STM32.o
                0x00000000080072cc                CO_CANmodule_init
 .text.CO_CANmodule_disable
                0x0000000008007454       0x2a Core/CANopenNode_STM32/CO_driver_STM32.o
                0x0000000008007454                CO_CANmodule_disable
 *fill*         0x000000000800747e        0x2 
 .text.CO_CANrxBufferInit
                0x0000000008007480       0xd0 Core/CANopenNode_STM32/CO_driver_STM32.o
                0x0000000008007480                CO_CANrxBufferInit
 .text.CO_CANtxBufferInit
                0x0000000008007550       0x8a Core/CANopenNode_STM32/CO_driver_STM32.o
                0x0000000008007550                CO_CANtxBufferInit
 *fill*         0x00000000080075da        0x2 
 .text.prv_send_can_message
                0x00000000080075dc      0x104 Core/CANopenNode_STM32/CO_driver_STM32.o
 .text.CO_CANsend
                0x00000000080076e0       0x9c Core/CANopenNode_STM32/CO_driver_STM32.o
                0x00000000080076e0                CO_CANsend
 .text.CO_CANclearPendingSyncPDOs
                0x000000000800777c       0xde Core/CANopenNode_STM32/CO_driver_STM32.o
                0x000000000800777c                CO_CANclearPendingSyncPDOs
 *fill*         0x000000000800785a        0x2 
 .text.CO_CANmodule_process
                0x000000000800785c       0xa0 Core/CANopenNode_STM32/CO_driver_STM32.o
                0x000000000800785c                CO_CANmodule_process
 .text.prv_read_can_received_msg
                0x00000000080078fc      0x1d8 Core/CANopenNode_STM32/CO_driver_STM32.o
 .text.HAL_FDCAN_RxFifo0Callback
                0x0000000008007ad4       0x26 Core/CANopenNode_STM32/CO_driver_STM32.o
                0x0000000008007ad4                HAL_FDCAN_RxFifo0Callback
 .text.HAL_FDCAN_RxFifo1Callback
                0x0000000008007afa       0x26 Core/CANopenNode_STM32/CO_driver_STM32.o
                0x0000000008007afa                HAL_FDCAN_RxFifo1Callback
 .text.HAL_FDCAN_TxBufferCompleteCallback
                0x0000000008007b20       0xc4 Core/CANopenNode_STM32/CO_driver_STM32.o
                0x0000000008007b20                HAL_FDCAN_TxBufferCompleteCallback
 .text.MX_FREERTOS_Init
                0x0000000008007be4       0x48 Core/Src/app_freertos.o
                0x0000000008007be4                MX_FREERTOS_Init
 .text.StartDefaultTask
                0x0000000008007c2c       0x10 Core/Src/app_freertos.o
                0x0000000008007c2c                StartDefaultTask
 .text.CanOpenMenager
                0x0000000008007c3c       0xa0 Core/Src/app_freertos.o
                0x0000000008007c3c                CanOpenMenager
 .text.setCanOpenID
                0x0000000008007cdc      0x11c Core/Src/conf_inputs.o
                0x0000000008007cdc                setCanOpenID
 .text.getCanOpenID
                0x0000000008007df8       0x14 Core/Src/conf_inputs.o
                0x0000000008007df8                getCanOpenID
 .text.getCanOpenBaudRate
                0x0000000008007e0c       0x20 Core/Src/conf_inputs.o
                0x0000000008007e0c                getCanOpenBaudRate
 .text.MX_FDCAN1_Init
                0x0000000008007e2c       0x90 Core/Src/fdcan.o
                0x0000000008007e2c                MX_FDCAN1_Init
 .text.MX_FDCAN2_Init
                0x0000000008007ebc       0x98 Core/Src/fdcan.o
                0x0000000008007ebc                MX_FDCAN2_Init
 .text.HAL_FDCAN_MspInit
                0x0000000008007f54      0x1b8 Core/Src/fdcan.o
                0x0000000008007f54                HAL_FDCAN_MspInit
 .text.MX_GPIO_Init
                0x000000000800810c      0x2d0 Core/Src/gpio.o
                0x000000000800810c                MX_GPIO_Init
 .text.main     0x00000000080083dc       0x2a Core/Src/main.o
                0x00000000080083dc                main
 .text.SystemClock_Config
                0x0000000008008406       0xe0 Core/Src/main.o
                0x0000000008008406                SystemClock_Config
 *fill*         0x00000000080084e6        0x2 
 .text.HAL_TIM_PeriodElapsedCallback
                0x00000000080084e8       0x38 Core/Src/main.o
                0x00000000080084e8                HAL_TIM_PeriodElapsedCallback
 .text.Error_Handler
                0x0000000008008520        0xa Core/Src/main.o
                0x0000000008008520                Error_Handler
 *fill*         0x000000000800852a        0x2 
 .text.HAL_MspInit
                0x000000000800852c       0x60 Core/Src/stm32g0xx_hal_msp.o
                0x000000000800852c                HAL_MspInit
 .text.HAL_InitTick
                0x000000000800858c       0xbc Core/Src/stm32g0xx_hal_timebase_tim.o
                0x000000000800858c                HAL_InitTick
 .text.NMI_Handler
                0x0000000008008648        0x6 Core/Src/stm32g0xx_it.o
                0x0000000008008648                NMI_Handler
 .text.HardFault_Handler
                0x000000000800864e        0x6 Core/Src/stm32g0xx_it.o
                0x000000000800864e                HardFault_Handler
 .text.TIM1_BRK_UP_TRG_COM_IRQHandler
                0x0000000008008654       0x18 Core/Src/stm32g0xx_it.o
                0x0000000008008654                TIM1_BRK_UP_TRG_COM_IRQHandler
 .text.TIM14_IRQHandler
                0x000000000800866c       0x18 Core/Src/stm32g0xx_it.o
                0x000000000800866c                TIM14_IRQHandler
 .text.TIM16_FDCAN_IT0_IRQHandler
                0x0000000008008684       0x24 Core/Src/stm32g0xx_it.o
                0x0000000008008684                TIM16_FDCAN_IT0_IRQHandler
 .text.TIM17_FDCAN_IT1_IRQHandler
                0x00000000080086a8       0x24 Core/Src/stm32g0xx_it.o
                0x00000000080086a8                TIM17_FDCAN_IT1_IRQHandler
 .text._read    0x00000000080086cc       0x3a Core/Src/syscalls.o
                0x00000000080086cc                _read
 .text._write   0x0000000008008706       0x38 Core/Src/syscalls.o
                0x0000000008008706                _write
 .text._close   0x000000000800873e       0x14 Core/Src/syscalls.o
                0x000000000800873e                _close
 .text._fstat   0x0000000008008752       0x1c Core/Src/syscalls.o
                0x0000000008008752                _fstat
 .text._isatty  0x000000000800876e       0x12 Core/Src/syscalls.o
                0x000000000800876e                _isatty
 .text._lseek   0x0000000008008780       0x16 Core/Src/syscalls.o
                0x0000000008008780                _lseek
 *fill*         0x0000000008008796        0x2 
 .text._sbrk    0x0000000008008798       0x6c Core/Src/sysmem.o
                0x0000000008008798                _sbrk
 .text.SystemInit
                0x0000000008008804       0x18 Core/Src/system_stm32g0xx.o
                0x0000000008008804                SystemInit
 .text.MX_TIM14_Init
                0x000000000800881c       0x4c Core/Src/tim.o
                0x000000000800881c                MX_TIM14_Init
 .text.HAL_TIM_Base_MspInit
                0x0000000008008868       0x50 Core/Src/tim.o
                0x0000000008008868                HAL_TIM_Base_MspInit
 .text.Reset_Handler
                0x00000000080088b8       0x50 Core/Startup/startup_stm32g0b1vetx.o
                0x00000000080088b8                Reset_Handler
 .text.Default_Handler
                0x0000000008008908        0x2 Core/Startup/startup_stm32g0b1vetx.o
                0x0000000008008908                I2C2_3_IRQHandler
                0x0000000008008908                USART3_4_5_6_LPUART1_IRQHandler
                0x0000000008008908                TIM1_CC_IRQHandler
                0x0000000008008908                ADC1_COMP_IRQHandler
                0x0000000008008908                I2C1_IRQHandler
                0x0000000008008908                TIM7_LPTIM2_IRQHandler
                0x0000000008008908                DMA1_Ch4_7_DMA2_Ch1_5_DMAMUX1_OVR_IRQHandler
                0x0000000008008908                RCC_CRS_IRQHandler
                0x0000000008008908                RTC_TAMP_IRQHandler
                0x0000000008008908                SPI1_IRQHandler
                0x0000000008008908                USB_UCPD1_2_IRQHandler
                0x0000000008008908                EXTI2_3_IRQHandler
                0x0000000008008908                USART2_LPUART2_IRQHandler
                0x0000000008008908                PVD_VDDIO2_IRQHandler
                0x0000000008008908                EXTI4_15_IRQHandler
                0x0000000008008908                DMA1_Channel1_IRQHandler
                0x0000000008008908                Default_Handler
                0x0000000008008908                CEC_IRQHandler
                0x0000000008008908                TIM15_IRQHandler
                0x0000000008008908                TIM3_TIM4_IRQHandler
                0x0000000008008908                EXTI0_1_IRQHandler
                0x0000000008008908                SPI2_3_IRQHandler
                0x0000000008008908                TIM6_DAC_LPTIM1_IRQHandler
                0x0000000008008908                WWDG_IRQHandler
                0x0000000008008908                TIM2_IRQHandler
                0x0000000008008908                DMA1_Channel2_3_IRQHandler
                0x0000000008008908                FLASH_IRQHandler
                0x0000000008008908                USART1_IRQHandler
 *fill*         0x000000000800890a        0x2 
 .text.HAL_Init
                0x000000000800890c       0x40 Drivers/STM32G0xx_HAL_Driver/Src/stm32g0xx_hal.o
                0x000000000800890c                HAL_Init
 .text.HAL_IncTick
                0x000000000800894c       0x24 Drivers/STM32G0xx_HAL_Driver/Src/stm32g0xx_hal.o
                0x000000000800894c                HAL_IncTick
 .text.HAL_GetTick
                0x0000000008008970       0x14 Drivers/STM32G0xx_HAL_Driver/Src/stm32g0xx_hal.o
                0x0000000008008970                HAL_GetTick
 .text.HAL_SYSCFG_StrobeDBattpinsConfig
                0x0000000008008984       0x2c Drivers/STM32G0xx_HAL_Driver/Src/stm32g0xx_hal.o
                0x0000000008008984                HAL_SYSCFG_StrobeDBattpinsConfig
 .text.__NVIC_EnableIRQ
                0x00000000080089b0       0x34 Drivers/STM32G0xx_HAL_Driver/Src/stm32g0xx_hal_cortex.o
 .text.__NVIC_SetPriority
                0x00000000080089e4       0xdc Drivers/STM32G0xx_HAL_Driver/Src/stm32g0xx_hal_cortex.o
 .text.__NVIC_SystemReset
                0x0000000008008ac0       0x24 Drivers/STM32G0xx_HAL_Driver/Src/stm32g0xx_hal_cortex.o
 .text.HAL_NVIC_SetPriority
                0x0000000008008ae4       0x2a Drivers/STM32G0xx_HAL_Driver/Src/stm32g0xx_hal_cortex.o
                0x0000000008008ae4                HAL_NVIC_SetPriority
 .text.HAL_NVIC_EnableIRQ
                0x0000000008008b0e       0x20 Drivers/STM32G0xx_HAL_Driver/Src/stm32g0xx_hal_cortex.o
                0x0000000008008b0e                HAL_NVIC_EnableIRQ
 .text.HAL_NVIC_SystemReset
                0x0000000008008b2e        0x8 Drivers/STM32G0xx_HAL_Driver/Src/stm32g0xx_hal_cortex.o
                0x0000000008008b2e                HAL_NVIC_SystemReset
 *fill*         0x0000000008008b36        0x2 
 .text.HAL_FDCAN_Init
                0x0000000008008b38      0x2cc Drivers/STM32G0xx_HAL_Driver/Src/stm32g0xx_hal_fdcan.o
                0x0000000008008b38                HAL_FDCAN_Init
 .text.HAL_FDCAN_ConfigGlobalFilter
                0x0000000008008e04       0x60 Drivers/STM32G0xx_HAL_Driver/Src/stm32g0xx_hal_fdcan.o
                0x0000000008008e04                HAL_FDCAN_ConfigGlobalFilter
 .text.HAL_FDCAN_Start
                0x0000000008008e64       0x4c Drivers/STM32G0xx_HAL_Driver/Src/stm32g0xx_hal_fdcan.o
                0x0000000008008e64                HAL_FDCAN_Start
 .text.HAL_FDCAN_Stop
                0x0000000008008eb0       0xda Drivers/STM32G0xx_HAL_Driver/Src/stm32g0xx_hal_fdcan.o
                0x0000000008008eb0                HAL_FDCAN_Stop
 .text.HAL_FDCAN_AddMessageToTxFifoQ
                0x0000000008008f8a       0x8a Drivers/STM32G0xx_HAL_Driver/Src/stm32g0xx_hal_fdcan.o
                0x0000000008008f8a                HAL_FDCAN_AddMessageToTxFifoQ
 .text.HAL_FDCAN_GetRxMessage
                0x0000000008009014      0x1c4 Drivers/STM32G0xx_HAL_Driver/Src/stm32g0xx_hal_fdcan.o
                0x0000000008009014                HAL_FDCAN_GetRxMessage
 .text.HAL_FDCAN_GetTxFifoFreeLevel
                0x00000000080091d8       0x20 Drivers/STM32G0xx_HAL_Driver/Src/stm32g0xx_hal_fdcan.o
                0x00000000080091d8                HAL_FDCAN_GetTxFifoFreeLevel
 .text.HAL_FDCAN_ActivateNotification
                0x00000000080091f8      0x1ac Drivers/STM32G0xx_HAL_Driver/Src/stm32g0xx_hal_fdcan.o
                0x00000000080091f8                HAL_FDCAN_ActivateNotification
 .text.HAL_FDCAN_IRQHandler
                0x00000000080093a4      0x292 Drivers/STM32G0xx_HAL_Driver/Src/stm32g0xx_hal_fdcan.o
                0x00000000080093a4                HAL_FDCAN_IRQHandler
 .text.HAL_FDCAN_TxEventFifoCallback
                0x0000000008009636       0x12 Drivers/STM32G0xx_HAL_Driver/Src/stm32g0xx_hal_fdcan.o
                0x0000000008009636                HAL_FDCAN_TxEventFifoCallback
 .text.HAL_FDCAN_TxFifoEmptyCallback
                0x0000000008009648       0x10 Drivers/STM32G0xx_HAL_Driver/Src/stm32g0xx_hal_fdcan.o
                0x0000000008009648                HAL_FDCAN_TxFifoEmptyCallback
 .text.HAL_FDCAN_TxBufferAbortCallback
                0x0000000008009658       0x12 Drivers/STM32G0xx_HAL_Driver/Src/stm32g0xx_hal_fdcan.o
                0x0000000008009658                HAL_FDCAN_TxBufferAbortCallback
 .text.HAL_FDCAN_TimestampWraparoundCallback
                0x000000000800966a       0x10 Drivers/STM32G0xx_HAL_Driver/Src/stm32g0xx_hal_fdcan.o
                0x000000000800966a                HAL_FDCAN_TimestampWraparoundCallback
 .text.HAL_FDCAN_TimeoutOccurredCallback
                0x000000000800967a       0x10 Drivers/STM32G0xx_HAL_Driver/Src/stm32g0xx_hal_fdcan.o
                0x000000000800967a                HAL_FDCAN_TimeoutOccurredCallback
 .text.HAL_FDCAN_HighPriorityMessageCallback
                0x000000000800968a       0x10 Drivers/STM32G0xx_HAL_Driver/Src/stm32g0xx_hal_fdcan.o
                0x000000000800968a                HAL_FDCAN_HighPriorityMessageCallback
 .text.HAL_FDCAN_ErrorCallback
                0x000000000800969a       0x10 Drivers/STM32G0xx_HAL_Driver/Src/stm32g0xx_hal_fdcan.o
                0x000000000800969a                HAL_FDCAN_ErrorCallback
 .text.HAL_FDCAN_ErrorStatusCallback
                0x00000000080096aa       0x12 Drivers/STM32G0xx_HAL_Driver/Src/stm32g0xx_hal_fdcan.o
                0x00000000080096aa                HAL_FDCAN_ErrorStatusCallback
 .text.FDCAN_CalcultateRamBlockAddresses
                0x00000000080096bc       0xd8 Drivers/STM32G0xx_HAL_Driver/Src/stm32g0xx_hal_fdcan.o
 .text.FDCAN_CopyMessageToRAM
                0x0000000008009794       0xf8 Drivers/STM32G0xx_HAL_Driver/Src/stm32g0xx_hal_fdcan.o
 .text.HAL_GPIO_Init
                0x000000000800988c      0x2d8 Drivers/STM32G0xx_HAL_Driver/Src/stm32g0xx_hal_gpio.o
                0x000000000800988c                HAL_GPIO_Init
 .text.HAL_GPIO_ReadPin
                0x0000000008009b64       0x3a Drivers/STM32G0xx_HAL_Driver/Src/stm32g0xx_hal_gpio.o
                0x0000000008009b64                HAL_GPIO_ReadPin
 .text.HAL_GPIO_WritePin
                0x0000000008009b9e       0x3a Drivers/STM32G0xx_HAL_Driver/Src/stm32g0xx_hal_gpio.o
                0x0000000008009b9e                HAL_GPIO_WritePin
 .text.HAL_PWREx_ControlVoltageScaling
                0x0000000008009bd8       0x80 Drivers/STM32G0xx_HAL_Driver/Src/stm32g0xx_hal_pwr_ex.o
                0x0000000008009bd8                HAL_PWREx_ControlVoltageScaling
 .text.LL_RCC_GetAPB1Prescaler
                0x0000000008009c58       0x18 Drivers/STM32G0xx_HAL_Driver/Src/stm32g0xx_hal_rcc.o
 .text.HAL_RCC_OscConfig
                0x0000000008009c70      0x6cc Drivers/STM32G0xx_HAL_Driver/Src/stm32g0xx_hal_rcc.o
                0x0000000008009c70                HAL_RCC_OscConfig
 .text.HAL_RCC_ClockConfig
                0x000000000800a33c      0x210 Drivers/STM32G0xx_HAL_Driver/Src/stm32g0xx_hal_rcc.o
                0x000000000800a33c                HAL_RCC_ClockConfig
 .text.HAL_RCC_GetSysClockFreq
                0x000000000800a54c      0x104 Drivers/STM32G0xx_HAL_Driver/Src/stm32g0xx_hal_rcc.o
                0x000000000800a54c                HAL_RCC_GetSysClockFreq
 .text.HAL_RCC_GetHCLKFreq
                0x000000000800a650       0x14 Drivers/STM32G0xx_HAL_Driver/Src/stm32g0xx_hal_rcc.o
                0x000000000800a650                HAL_RCC_GetHCLKFreq
 .text.HAL_RCC_GetPCLK1Freq
                0x000000000800a664       0x2c Drivers/STM32G0xx_HAL_Driver/Src/stm32g0xx_hal_rcc.o
                0x000000000800a664                HAL_RCC_GetPCLK1Freq
 .text.HAL_RCC_GetClockConfig
                0x000000000800a690       0x54 Drivers/STM32G0xx_HAL_Driver/Src/stm32g0xx_hal_rcc.o
                0x000000000800a690                HAL_RCC_GetClockConfig
 .text.HAL_RCCEx_PeriphCLKConfig
                0x000000000800a6e4      0x478 Drivers/STM32G0xx_HAL_Driver/Src/stm32g0xx_hal_rcc_ex.o
                0x000000000800a6e4                HAL_RCCEx_PeriphCLKConfig
 .text.HAL_TIM_Base_Init
                0x000000000800ab5c       0xb0 Drivers/STM32G0xx_HAL_Driver/Src/stm32g0xx_hal_tim.o
                0x000000000800ab5c                HAL_TIM_Base_Init
 .text.HAL_TIM_Base_Start_IT
                0x000000000800ac0c       0xc4 Drivers/STM32G0xx_HAL_Driver/Src/stm32g0xx_hal_tim.o
                0x000000000800ac0c                HAL_TIM_Base_Start_IT
 .text.HAL_TIM_Base_Stop_IT
                0x000000000800acd0       0x5c Drivers/STM32G0xx_HAL_Driver/Src/stm32g0xx_hal_tim.o
                0x000000000800acd0                HAL_TIM_Base_Stop_IT
 .text.HAL_TIM_IRQHandler
                0x000000000800ad2c      0x264 Drivers/STM32G0xx_HAL_Driver/Src/stm32g0xx_hal_tim.o
                0x000000000800ad2c                HAL_TIM_IRQHandler
 .text.HAL_TIM_OC_DelayElapsedCallback
                0x000000000800af90       0x10 Drivers/STM32G0xx_HAL_Driver/Src/stm32g0xx_hal_tim.o
                0x000000000800af90                HAL_TIM_OC_DelayElapsedCallback
 .text.HAL_TIM_IC_CaptureCallback
                0x000000000800afa0       0x10 Drivers/STM32G0xx_HAL_Driver/Src/stm32g0xx_hal_tim.o
                0x000000000800afa0                HAL_TIM_IC_CaptureCallback
 .text.HAL_TIM_PWM_PulseFinishedCallback
                0x000000000800afb0       0x10 Drivers/STM32G0xx_HAL_Driver/Src/stm32g0xx_hal_tim.o
                0x000000000800afb0                HAL_TIM_PWM_PulseFinishedCallback
 .text.HAL_TIM_TriggerCallback
                0x000000000800afc0       0x10 Drivers/STM32G0xx_HAL_Driver/Src/stm32g0xx_hal_tim.o
                0x000000000800afc0                HAL_TIM_TriggerCallback
 .text.TIM_Base_SetConfig
                0x000000000800afd0      0x114 Drivers/STM32G0xx_HAL_Driver/Src/stm32g0xx_hal_tim.o
                0x000000000800afd0                TIM_Base_SetConfig
 .text.HAL_TIMEx_CommutCallback
                0x000000000800b0e4       0x10 Drivers/STM32G0xx_HAL_Driver/Src/stm32g0xx_hal_tim_ex.o
                0x000000000800b0e4                HAL_TIMEx_CommutCallback
 .text.HAL_TIMEx_BreakCallback
                0x000000000800b0f4       0x10 Drivers/STM32G0xx_HAL_Driver/Src/stm32g0xx_hal_tim_ex.o
                0x000000000800b0f4                HAL_TIMEx_BreakCallback
 .text.HAL_TIMEx_Break2Callback
                0x000000000800b104       0x10 Drivers/STM32G0xx_HAL_Driver/Src/stm32g0xx_hal_tim_ex.o
                0x000000000800b104                HAL_TIMEx_Break2Callback
 .text.__NVIC_SetPriority
                0x000000000800b114       0xdc Middlewares/Third_Party/FreeRTOS/Source/CMSIS_RTOS_V2/cmsis_os2.o
 .text.SysTick_Handler
                0x000000000800b1f0       0x20 Middlewares/Third_Party/FreeRTOS/Source/CMSIS_RTOS_V2/cmsis_os2.o
                0x000000000800b1f0                SysTick_Handler
 .text.SVC_Setup
                0x000000000800b210       0x16 Middlewares/Third_Party/FreeRTOS/Source/CMSIS_RTOS_V2/cmsis_os2.o
 *fill*         0x000000000800b226        0x2 
 .text.osKernelInitialize
                0x000000000800b228       0x44 Middlewares/Third_Party/FreeRTOS/Source/CMSIS_RTOS_V2/cmsis_os2.o
                0x000000000800b228                osKernelInitialize
 .text.osKernelStart
                0x000000000800b26c       0x4c Middlewares/Third_Party/FreeRTOS/Source/CMSIS_RTOS_V2/cmsis_os2.o
                0x000000000800b26c                osKernelStart
 .text.osThreadNew
                0x000000000800b2b8      0x12c Middlewares/Third_Party/FreeRTOS/Source/CMSIS_RTOS_V2/cmsis_os2.o
                0x000000000800b2b8                osThreadNew
 .text.osDelay  0x000000000800b3e4       0x38 Middlewares/Third_Party/FreeRTOS/Source/CMSIS_RTOS_V2/cmsis_os2.o
                0x000000000800b3e4                osDelay
 .text.vApplicationGetIdleTaskMemory
                0x000000000800b41c       0x30 Middlewares/Third_Party/FreeRTOS/Source/CMSIS_RTOS_V2/cmsis_os2.o
                0x000000000800b41c                vApplicationGetIdleTaskMemory
 .text.vApplicationGetTimerTaskMemory
                0x000000000800b44c       0x30 Middlewares/Third_Party/FreeRTOS/Source/CMSIS_RTOS_V2/cmsis_os2.o
                0x000000000800b44c                vApplicationGetTimerTaskMemory
 .text.vListInitialise
                0x000000000800b47c       0x3c Middlewares/Third_Party/FreeRTOS/Source/list.o
                0x000000000800b47c                vListInitialise
 .text.vListInitialiseItem
                0x000000000800b4b8       0x16 Middlewares/Third_Party/FreeRTOS/Source/list.o
                0x000000000800b4b8                vListInitialiseItem
 .text.vListInsertEnd
                0x000000000800b4ce       0x44 Middlewares/Third_Party/FreeRTOS/Source/list.o
                0x000000000800b4ce                vListInsertEnd
 .text.vListInsert
                0x000000000800b512       0x6c Middlewares/Third_Party/FreeRTOS/Source/list.o
                0x000000000800b512                vListInsert
 .text.uxListRemove
                0x000000000800b57e       0x50 Middlewares/Third_Party/FreeRTOS/Source/list.o
                0x000000000800b57e                uxListRemove
 .text.xQueueGenericReset
                0x000000000800b5ce       0xa8 Middlewares/Third_Party/FreeRTOS/Source/queue.o
                0x000000000800b5ce                xQueueGenericReset
 .text.xQueueGenericCreateStatic
                0x000000000800b676       0x98 Middlewares/Third_Party/FreeRTOS/Source/queue.o
                0x000000000800b676                xQueueGenericCreateStatic
 .text.prvInitialiseNewQueue
                0x000000000800b70e       0x4e Middlewares/Third_Party/FreeRTOS/Source/queue.o
 .text.xQueueGenericSend
                0x000000000800b75c      0x188 Middlewares/Third_Party/FreeRTOS/Source/queue.o
                0x000000000800b75c                xQueueGenericSend
 .text.xQueueGenericSendFromISR
                0x000000000800b8e4       0xe8 Middlewares/Third_Party/FreeRTOS/Source/queue.o
                0x000000000800b8e4                xQueueGenericSendFromISR
 .text.xQueueReceive
                0x000000000800b9cc      0x16a Middlewares/Third_Party/FreeRTOS/Source/queue.o
                0x000000000800b9cc                xQueueReceive
 .text.prvCopyDataToQueue
                0x000000000800bb36       0xd6 Middlewares/Third_Party/FreeRTOS/Source/queue.o
 .text.prvCopyDataFromQueue
                0x000000000800bc0c       0x4c Middlewares/Third_Party/FreeRTOS/Source/queue.o
 .text.prvUnlockQueue
                0x000000000800bc58       0xbc Middlewares/Third_Party/FreeRTOS/Source/queue.o
 .text.prvIsQueueEmpty
                0x000000000800bd14       0x2c Middlewares/Third_Party/FreeRTOS/Source/queue.o
 .text.prvIsQueueFull
                0x000000000800bd40       0x30 Middlewares/Third_Party/FreeRTOS/Source/queue.o
 .text.vQueueAddToRegistry
                0x000000000800bd70       0x50 Middlewares/Third_Party/FreeRTOS/Source/queue.o
                0x000000000800bd70                vQueueAddToRegistry
 .text.vQueueWaitForMessageRestricted
                0x000000000800bdc0       0x66 Middlewares/Third_Party/FreeRTOS/Source/queue.o
                0x000000000800bdc0                vQueueWaitForMessageRestricted
 .text.xTaskCreateStatic
                0x000000000800be26       0x88 Middlewares/Third_Party/FreeRTOS/Source/tasks.o
                0x000000000800be26                xTaskCreateStatic
 .text.xTaskCreate
                0x000000000800beae       0x98 Middlewares/Third_Party/FreeRTOS/Source/tasks.o
                0x000000000800beae                xTaskCreate
 *fill*         0x000000000800bf46        0x2 
 .text.prvInitialiseNewTask
                0x000000000800bf48      0x114 Middlewares/Third_Party/FreeRTOS/Source/tasks.o
 .text.prvAddNewTaskToReadyList
                0x000000000800c05c       0xd0 Middlewares/Third_Party/FreeRTOS/Source/tasks.o
 .text.vTaskDelay
                0x000000000800c12c       0x4c Middlewares/Third_Party/FreeRTOS/Source/tasks.o
                0x000000000800c12c                vTaskDelay
 .text.vTaskStartScheduler
                0x000000000800c178       0xa8 Middlewares/Third_Party/FreeRTOS/Source/tasks.o
                0x000000000800c178                vTaskStartScheduler
 .text.vTaskSuspendAll
                0x000000000800c220       0x18 Middlewares/Third_Party/FreeRTOS/Source/tasks.o
                0x000000000800c220                vTaskSuspendAll
 .text.xTaskResumeAll
                0x000000000800c238      0x118 Middlewares/Third_Party/FreeRTOS/Source/tasks.o
                0x000000000800c238                xTaskResumeAll
 .text.xTaskGetTickCount
                0x000000000800c350       0x1c Middlewares/Third_Party/FreeRTOS/Source/tasks.o
                0x000000000800c350                xTaskGetTickCount
 .text.xTaskIncrementTick
                0x000000000800c36c      0x160 Middlewares/Third_Party/FreeRTOS/Source/tasks.o
                0x000000000800c36c                xTaskIncrementTick
 .text.vTaskSwitchContext
                0x000000000800c4cc       0xa4 Middlewares/Third_Party/FreeRTOS/Source/tasks.o
                0x000000000800c4cc                vTaskSwitchContext
 .text.vTaskPlaceOnEventList
                0x000000000800c570       0x3c Middlewares/Third_Party/FreeRTOS/Source/tasks.o
                0x000000000800c570                vTaskPlaceOnEventList
 .text.vTaskPlaceOnEventListRestricted
                0x000000000800c5ac       0x4c Middlewares/Third_Party/FreeRTOS/Source/tasks.o
                0x000000000800c5ac                vTaskPlaceOnEventListRestricted
 .text.xTaskRemoveFromEventList
                0x000000000800c5f8       0xb8 Middlewares/Third_Party/FreeRTOS/Source/tasks.o
                0x000000000800c5f8                xTaskRemoveFromEventList
 .text.vTaskInternalSetTimeOutState
                0x000000000800c6b0       0x28 Middlewares/Third_Party/FreeRTOS/Source/tasks.o
                0x000000000800c6b0                vTaskInternalSetTimeOutState
 .text.xTaskCheckForTimeOut
                0x000000000800c6d8       0xa0 Middlewares/Third_Party/FreeRTOS/Source/tasks.o
                0x000000000800c6d8                xTaskCheckForTimeOut
 .text.vTaskMissedYield
                0x000000000800c778       0x14 Middlewares/Third_Party/FreeRTOS/Source/tasks.o
                0x000000000800c778                vTaskMissedYield
 .text.prvIdleTask
                0x000000000800c78c       0x20 Middlewares/Third_Party/FreeRTOS/Source/tasks.o
 .text.prvInitialiseTaskLists
                0x000000000800c7ac       0x88 Middlewares/Third_Party/FreeRTOS/Source/tasks.o
 .text.prvCheckTasksWaitingTermination
                0x000000000800c834       0x5c Middlewares/Third_Party/FreeRTOS/Source/tasks.o
 .text.prvDeleteTCB
                0x000000000800c890       0x50 Middlewares/Third_Party/FreeRTOS/Source/tasks.o
 .text.prvResetNextTaskUnblockTime
                0x000000000800c8e0       0x3c Middlewares/Third_Party/FreeRTOS/Source/tasks.o
 .text.xTaskGetSchedulerState
                0x000000000800c91c       0x38 Middlewares/Third_Party/FreeRTOS/Source/tasks.o
                0x000000000800c91c                xTaskGetSchedulerState
 .text.xTaskPriorityDisinherit
                0x000000000800c954       0xb8 Middlewares/Third_Party/FreeRTOS/Source/tasks.o
                0x000000000800c954                xTaskPriorityDisinherit
 .text.prvAddCurrentTaskToDelayedList
                0x000000000800ca0c       0xa8 Middlewares/Third_Party/FreeRTOS/Source/tasks.o
 .text.xTimerCreateTimerTask
                0x000000000800cab4       0x7c Middlewares/Third_Party/FreeRTOS/Source/timers.o
                0x000000000800cab4                xTimerCreateTimerTask
 .text.xTimerGenericCommand
                0x000000000800cb30       0x94 Middlewares/Third_Party/FreeRTOS/Source/timers.o
                0x000000000800cb30                xTimerGenericCommand
 .text.prvProcessExpiredTimer
                0x000000000800cbc4       0x88 Middlewares/Third_Party/FreeRTOS/Source/timers.o
 .text.prvTimerTask
                0x000000000800cc4c       0x28 Middlewares/Third_Party/FreeRTOS/Source/timers.o
 .text.prvProcessTimerOrBlockTask
                0x000000000800cc74       0x90 Middlewares/Third_Party/FreeRTOS/Source/timers.o
 .text.prvGetNextExpireTime
                0x000000000800cd04       0x44 Middlewares/Third_Party/FreeRTOS/Source/timers.o
 .text.prvSampleTimeNow
                0x000000000800cd48       0x40 Middlewares/Third_Party/FreeRTOS/Source/timers.o
 .text.prvInsertTimerInActiveList
                0x000000000800cd88       0x84 Middlewares/Third_Party/FreeRTOS/Source/timers.o
 .text.prvProcessReceivedCommands
                0x000000000800ce0c      0x18c Middlewares/Third_Party/FreeRTOS/Source/timers.o
 .text.prvSwitchTimerLists
                0x000000000800cf98       0xbc Middlewares/Third_Party/FreeRTOS/Source/timers.o
 .text.prvCheckForValidListAndQueue
                0x000000000800d054       0x84 Middlewares/Third_Party/FreeRTOS/Source/timers.o
 .text.pxPortInitialiseStack
                0x000000000800d0d8       0x54 Middlewares/Third_Party/FreeRTOS/Source/portable/GCC/ARM_CM0/port.o
                0x000000000800d0d8                pxPortInitialiseStack
 .text.prvTaskExitError
                0x000000000800d12c       0x30 Middlewares/Third_Party/FreeRTOS/Source/portable/GCC/ARM_CM0/port.o
 .text.SVC_Handler
                0x000000000800d15c        0xa Middlewares/Third_Party/FreeRTOS/Source/portable/GCC/ARM_CM0/port.o
                0x000000000800d15c                SVC_Handler
 *fill*         0x000000000800d166        0xa 
 .text.vPortStartFirstTask
                0x000000000800d170       0x38 Middlewares/Third_Party/FreeRTOS/Source/portable/GCC/ARM_CM0/port.o
 .text.xPortStartScheduler
                0x000000000800d1a8       0x48 Middlewares/Third_Party/FreeRTOS/Source/portable/GCC/ARM_CM0/port.o
                0x000000000800d1a8                xPortStartScheduler
 .text.vPortYield
                0x000000000800d1f0       0x20 Middlewares/Third_Party/FreeRTOS/Source/portable/GCC/ARM_CM0/port.o
                0x000000000800d1f0                vPortYield
 .text.vPortEnterCritical
                0x000000000800d210       0x24 Middlewares/Third_Party/FreeRTOS/Source/portable/GCC/ARM_CM0/port.o
                0x000000000800d210                vPortEnterCritical
 .text.vPortExitCritical
                0x000000000800d234       0x30 Middlewares/Third_Party/FreeRTOS/Source/portable/GCC/ARM_CM0/port.o
                0x000000000800d234                vPortExitCritical
 .text.ulSetInterruptMaskFromISR
                0x000000000800d264        0xc Middlewares/Third_Party/FreeRTOS/Source/portable/GCC/ARM_CM0/port.o
                0x000000000800d264                ulSetInterruptMaskFromISR
 .text.vClearInterruptMaskFromISR
                0x000000000800d270        0x8 Middlewares/Third_Party/FreeRTOS/Source/portable/GCC/ARM_CM0/port.o
                0x000000000800d270                vClearInterruptMaskFromISR
 *fill*         0x000000000800d278        0x8 
 .text.PendSV_Handler
                0x000000000800d280       0x48 Middlewares/Third_Party/FreeRTOS/Source/portable/GCC/ARM_CM0/port.o
                0x000000000800d280                PendSV_Handler
 .text.xPortSysTickHandler
                0x000000000800d2c8       0x34 Middlewares/Third_Party/FreeRTOS/Source/portable/GCC/ARM_CM0/port.o
                0x000000000800d2c8                xPortSysTickHandler
 .text.vPortSetupTimerInterrupt
                0x000000000800d2fc       0x44 Middlewares/Third_Party/FreeRTOS/Source/portable/GCC/ARM_CM0/port.o
                0x000000000800d2fc                vPortSetupTimerInterrupt
 .text.pvPortMalloc
                0x000000000800d340      0x158 Middlewares/Third_Party/FreeRTOS/Source/portable/MemMang/heap_4.o
                0x000000000800d340                pvPortMalloc
 .text.vPortFree
                0x000000000800d498       0x9c Middlewares/Third_Party/FreeRTOS/Source/portable/MemMang/heap_4.o
                0x000000000800d498                vPortFree
 .text.prvHeapInit
                0x000000000800d534       0xc0 Middlewares/Third_Party/FreeRTOS/Source/portable/MemMang/heap_4.o
 .text.prvInsertBlockIntoFreeList
                0x000000000800d5f4       0xb0 Middlewares/Third_Party/FreeRTOS/Source/portable/MemMang/heap_4.o
 .text.calloc   0x000000000800d6a4       0x14 c:/st/stm32cubeide_1.6.1/stm32cubeide/plugins/com.st.stm32cube.ide.mcu.externaltools.gnu-tools-for-stm32.9-2020-q2-update.win32_1.5.0.202011040924/tools/bin/../lib/gcc/arm-none-eabi/9.3.1/../../../../arm-none-eabi/lib/thumb/v6-m/nofp\libc_nano.a(lib_a-calloc.o)
                0x000000000800d6a4                calloc
 .text.__errno  0x000000000800d6b8        0xc c:/st/stm32cubeide_1.6.1/stm32cubeide/plugins/com.st.stm32cube.ide.mcu.externaltools.gnu-tools-for-stm32.9-2020-q2-update.win32_1.5.0.202011040924/tools/bin/../lib/gcc/arm-none-eabi/9.3.1/../../../../arm-none-eabi/lib/thumb/v6-m/nofp\libc_nano.a(lib_a-errno.o)
                0x000000000800d6b8                __errno
 .text.__sflush_r
                0x000000000800d6c4      0x118 c:/st/stm32cubeide_1.6.1/stm32cubeide/plugins/com.st.stm32cube.ide.mcu.externaltools.gnu-tools-for-stm32.9-2020-q2-update.win32_1.5.0.202011040924/tools/bin/../lib/gcc/arm-none-eabi/9.3.1/../../../../arm-none-eabi/lib/thumb/v6-m/nofp\libc_nano.a(lib_a-fflush.o)
                0x000000000800d6c4                __sflush_r
 .text._fflush_r
                0x000000000800d7dc       0x80 c:/st/stm32cubeide_1.6.1/stm32cubeide/plugins/com.st.stm32cube.ide.mcu.externaltools.gnu-tools-for-stm32.9-2020-q2-update.win32_1.5.0.202011040924/tools/bin/../lib/gcc/arm-none-eabi/9.3.1/../../../../arm-none-eabi/lib/thumb/v6-m/nofp\libc_nano.a(lib_a-fflush.o)
                0x000000000800d7dc                _fflush_r
 .text.fflush   0x000000000800d85c       0x2c c:/st/stm32cubeide_1.6.1/stm32cubeide/plugins/com.st.stm32cube.ide.mcu.externaltools.gnu-tools-for-stm32.9-2020-q2-update.win32_1.5.0.202011040924/tools/bin/../lib/gcc/arm-none-eabi/9.3.1/../../../../arm-none-eabi/lib/thumb/v6-m/nofp\libc_nano.a(lib_a-fflush.o)
                0x000000000800d85c                fflush
 .text.std      0x000000000800d888       0x48 c:/st/stm32cubeide_1.6.1/stm32cubeide/plugins/com.st.stm32cube.ide.mcu.externaltools.gnu-tools-for-stm32.9-2020-q2-update.win32_1.5.0.202011040924/tools/bin/../lib/gcc/arm-none-eabi/9.3.1/../../../../arm-none-eabi/lib/thumb/v6-m/nofp\libc_nano.a(lib_a-findfp.o)
 .text._cleanup_r
                0x000000000800d8d0       0x10 c:/st/stm32cubeide_1.6.1/stm32cubeide/plugins/com.st.stm32cube.ide.mcu.externaltools.gnu-tools-for-stm32.9-2020-q2-update.win32_1.5.0.202011040924/tools/bin/../lib/gcc/arm-none-eabi/9.3.1/../../../../arm-none-eabi/lib/thumb/v6-m/nofp\libc_nano.a(lib_a-findfp.o)
                0x000000000800d8d0                _cleanup_r
 .text.__sfmoreglue
                0x000000000800d8e0       0x2c c:/st/stm32cubeide_1.6.1/stm32cubeide/plugins/com.st.stm32cube.ide.mcu.externaltools.gnu-tools-for-stm32.9-2020-q2-update.win32_1.5.0.202011040924/tools/bin/../lib/gcc/arm-none-eabi/9.3.1/../../../../arm-none-eabi/lib/thumb/v6-m/nofp\libc_nano.a(lib_a-findfp.o)
                0x000000000800d8e0                __sfmoreglue
 .text.__sfp_lock_acquire
                0x000000000800d90c       0x10 c:/st/stm32cubeide_1.6.1/stm32cubeide/plugins/com.st.stm32cube.ide.mcu.externaltools.gnu-tools-for-stm32.9-2020-q2-update.win32_1.5.0.202011040924/tools/bin/../lib/gcc/arm-none-eabi/9.3.1/../../../../arm-none-eabi/lib/thumb/v6-m/nofp\libc_nano.a(lib_a-findfp.o)
                0x000000000800d90c                __sfp_lock_acquire
 .text.__sfp_lock_release
                0x000000000800d91c       0x10 c:/st/stm32cubeide_1.6.1/stm32cubeide/plugins/com.st.stm32cube.ide.mcu.externaltools.gnu-tools-for-stm32.9-2020-q2-update.win32_1.5.0.202011040924/tools/bin/../lib/gcc/arm-none-eabi/9.3.1/../../../../arm-none-eabi/lib/thumb/v6-m/nofp\libc_nano.a(lib_a-findfp.o)
                0x000000000800d91c                __sfp_lock_release
 .text.__sinit_lock_acquire
                0x000000000800d92c       0x10 c:/st/stm32cubeide_1.6.1/stm32cubeide/plugins/com.st.stm32cube.ide.mcu.externaltools.gnu-tools-for-stm32.9-2020-q2-update.win32_1.5.0.202011040924/tools/bin/../lib/gcc/arm-none-eabi/9.3.1/../../../../arm-none-eabi/lib/thumb/v6-m/nofp\libc_nano.a(lib_a-findfp.o)
                0x000000000800d92c                __sinit_lock_acquire
 .text.__sinit_lock_release
                0x000000000800d93c       0x10 c:/st/stm32cubeide_1.6.1/stm32cubeide/plugins/com.st.stm32cube.ide.mcu.externaltools.gnu-tools-for-stm32.9-2020-q2-update.win32_1.5.0.202011040924/tools/bin/../lib/gcc/arm-none-eabi/9.3.1/../../../../arm-none-eabi/lib/thumb/v6-m/nofp\libc_nano.a(lib_a-findfp.o)
                0x000000000800d93c                __sinit_lock_release
 .text.__sinit  0x000000000800d94c       0x70 c:/st/stm32cubeide_1.6.1/stm32cubeide/plugins/com.st.stm32cube.ide.mcu.externaltools.gnu-tools-for-stm32.9-2020-q2-update.win32_1.5.0.202011040924/tools/bin/../lib/gcc/arm-none-eabi/9.3.1/../../../../arm-none-eabi/lib/thumb/v6-m/nofp\libc_nano.a(lib_a-findfp.o)
                0x000000000800d94c                __sinit
 .text.__sfp    0x000000000800d9bc       0x90 c:/st/stm32cubeide_1.6.1/stm32cubeide/plugins/com.st.stm32cube.ide.mcu.externaltools.gnu-tools-for-stm32.9-2020-q2-update.win32_1.5.0.202011040924/tools/bin/../lib/gcc/arm-none-eabi/9.3.1/../../../../arm-none-eabi/lib/thumb/v6-m/nofp\libc_nano.a(lib_a-findfp.o)
                0x000000000800d9bc                __sfp
 .text._fwalk_reent
                0x000000000800da4c       0x40 c:/st/stm32cubeide_1.6.1/stm32cubeide/plugins/com.st.stm32cube.ide.mcu.externaltools.gnu-tools-for-stm32.9-2020-q2-update.win32_1.5.0.202011040924/tools/bin/../lib/gcc/arm-none-eabi/9.3.1/../../../../arm-none-eabi/lib/thumb/v6-m/nofp\libc_nano.a(lib_a-fwalk.o)
                0x000000000800da4c                _fwalk_reent
 .text.__libc_init_array
                0x000000000800da8c       0x48 c:/st/stm32cubeide_1.6.1/stm32cubeide/plugins/com.st.stm32cube.ide.mcu.externaltools.gnu-tools-for-stm32.9-2020-q2-update.win32_1.5.0.202011040924/tools/bin/../lib/gcc/arm-none-eabi/9.3.1/../../../../arm-none-eabi/lib/thumb/v6-m/nofp\libc_nano.a(lib_a-init.o)
                0x000000000800da8c                __libc_init_array
 .text.__retarget_lock_init_recursive
                0x000000000800dad4        0x2 c:/st/stm32cubeide_1.6.1/stm32cubeide/plugins/com.st.stm32cube.ide.mcu.externaltools.gnu-tools-for-stm32.9-2020-q2-update.win32_1.5.0.202011040924/tools/bin/../lib/gcc/arm-none-eabi/9.3.1/../../../../arm-none-eabi/lib/thumb/v6-m/nofp\libc_nano.a(lib_a-lock.o)
                0x000000000800dad4                __retarget_lock_init_recursive
 .text.__retarget_lock_acquire_recursive
                0x000000000800dad6        0x2 c:/st/stm32cubeide_1.6.1/stm32cubeide/plugins/com.st.stm32cube.ide.mcu.externaltools.gnu-tools-for-stm32.9-2020-q2-update.win32_1.5.0.202011040924/tools/bin/../lib/gcc/arm-none-eabi/9.3.1/../../../../arm-none-eabi/lib/thumb/v6-m/nofp\libc_nano.a(lib_a-lock.o)
                0x000000000800dad6                __retarget_lock_acquire_recursive
 .text.__retarget_lock_release_recursive
                0x000000000800dad8        0x2 c:/st/stm32cubeide_1.6.1/stm32cubeide/plugins/com.st.stm32cube.ide.mcu.externaltools.gnu-tools-for-stm32.9-2020-q2-update.win32_1.5.0.202011040924/tools/bin/../lib/gcc/arm-none-eabi/9.3.1/../../../../arm-none-eabi/lib/thumb/v6-m/nofp\libc_nano.a(lib_a-lock.o)
                0x000000000800dad8                __retarget_lock_release_recursive
 *fill*         0x000000000800dada        0x2 
 .text.free     0x000000000800dadc       0x14 c:/st/stm32cubeide_1.6.1/stm32cubeide/plugins/com.st.stm32cube.ide.mcu.externaltools.gnu-tools-for-stm32.9-2020-q2-update.win32_1.5.0.202011040924/tools/bin/../lib/gcc/arm-none-eabi/9.3.1/../../../../arm-none-eabi/lib/thumb/v6-m/nofp\libc_nano.a(lib_a-malloc.o)
                0x000000000800dadc                free
 .text.memcpy   0x000000000800daf0       0x12 c:/st/stm32cubeide_1.6.1/stm32cubeide/plugins/com.st.stm32cube.ide.mcu.externaltools.gnu-tools-for-stm32.9-2020-q2-update.win32_1.5.0.202011040924/tools/bin/../lib/gcc/arm-none-eabi/9.3.1/../../../../arm-none-eabi/lib/thumb/v6-m/nofp\libc_nano.a(lib_a-memcpy-stub.o)
                0x000000000800daf0                memcpy
 .text.memmove  0x000000000800db02       0x26 c:/st/stm32cubeide_1.6.1/stm32cubeide/plugins/com.st.stm32cube.ide.mcu.externaltools.gnu-tools-for-stm32.9-2020-q2-update.win32_1.5.0.202011040924/tools/bin/../lib/gcc/arm-none-eabi/9.3.1/../../../../arm-none-eabi/lib/thumb/v6-m/nofp\libc_nano.a(lib_a-memmove.o)
                0x000000000800db02                memmove
 .text.memset   0x000000000800db28       0x10 c:/st/stm32cubeide_1.6.1/stm32cubeide/plugins/com.st.stm32cube.ide.mcu.externaltools.gnu-tools-for-stm32.9-2020-q2-update.win32_1.5.0.202011040924/tools/bin/../lib/gcc/arm-none-eabi/9.3.1/../../../../arm-none-eabi/lib/thumb/v6-m/nofp\libc_nano.a(lib_a-memset.o)
                0x000000000800db28                memset
 .text._calloc_r
                0x000000000800db38       0x1c c:/st/stm32cubeide_1.6.1/stm32cubeide/plugins/com.st.stm32cube.ide.mcu.externaltools.gnu-tools-for-stm32.9-2020-q2-update.win32_1.5.0.202011040924/tools/bin/../lib/gcc/arm-none-eabi/9.3.1/../../../../arm-none-eabi/lib/thumb/v6-m/nofp\libc_nano.a(lib_a-nano-callocr.o)
                0x000000000800db38                _calloc_r
 .text._free_r  0x000000000800db54       0x94 c:/st/stm32cubeide_1.6.1/stm32cubeide/plugins/com.st.stm32cube.ide.mcu.externaltools.gnu-tools-for-stm32.9-2020-q2-update.win32_1.5.0.202011040924/tools/bin/../lib/gcc/arm-none-eabi/9.3.1/../../../../arm-none-eabi/lib/thumb/v6-m/nofp\libc_nano.a(lib_a-nano-freer.o)
                0x000000000800db54                _free_r
 .text._malloc_r
                0x000000000800dbe8       0xbc c:/st/stm32cubeide_1.6.1/stm32cubeide/plugins/com.st.stm32cube.ide.mcu.externaltools.gnu-tools-for-stm32.9-2020-q2-update.win32_1.5.0.202011040924/tools/bin/../lib/gcc/arm-none-eabi/9.3.1/../../../../arm-none-eabi/lib/thumb/v6-m/nofp\libc_nano.a(lib_a-nano-mallocr.o)
                0x000000000800dbe8                _malloc_r
 .text.printf   0x000000000800dca4       0x34 c:/st/stm32cubeide_1.6.1/stm32cubeide/plugins/com.st.stm32cube.ide.mcu.externaltools.gnu-tools-for-stm32.9-2020-q2-update.win32_1.5.0.202011040924/tools/bin/../lib/gcc/arm-none-eabi/9.3.1/../../../../arm-none-eabi/lib/thumb/v6-m/nofp\libc_nano.a(lib_a-printf.o)
                0x000000000800dca4                iprintf
                0x000000000800dca4                printf
 .text._puts_r  0x000000000800dcd8       0xe4 c:/st/stm32cubeide_1.6.1/stm32cubeide/plugins/com.st.stm32cube.ide.mcu.externaltools.gnu-tools-for-stm32.9-2020-q2-update.win32_1.5.0.202011040924/tools/bin/../lib/gcc/arm-none-eabi/9.3.1/../../../../arm-none-eabi/lib/thumb/v6-m/nofp\libc_nano.a(lib_a-puts.o)
                0x000000000800dcd8                _puts_r
 .text.puts     0x000000000800ddbc       0x14 c:/st/stm32cubeide_1.6.1/stm32cubeide/plugins/com.st.stm32cube.ide.mcu.externaltools.gnu-tools-for-stm32.9-2020-q2-update.win32_1.5.0.202011040924/tools/bin/../lib/gcc/arm-none-eabi/9.3.1/../../../../arm-none-eabi/lib/thumb/v6-m/nofp\libc_nano.a(lib_a-puts.o)
                0x000000000800ddbc                puts
 .text._sbrk_r  0x000000000800ddd0       0x24 c:/st/stm32cubeide_1.6.1/stm32cubeide/plugins/com.st.stm32cube.ide.mcu.externaltools.gnu-tools-for-stm32.9-2020-q2-update.win32_1.5.0.202011040924/tools/bin/../lib/gcc/arm-none-eabi/9.3.1/../../../../arm-none-eabi/lib/thumb/v6-m/nofp\libc_nano.a(lib_a-sbrkr.o)
                0x000000000800ddd0                _sbrk_r
 .text.__sread  0x000000000800ddf4       0x28 c:/st/stm32cubeide_1.6.1/stm32cubeide/plugins/com.st.stm32cube.ide.mcu.externaltools.gnu-tools-for-stm32.9-2020-q2-update.win32_1.5.0.202011040924/tools/bin/../lib/gcc/arm-none-eabi/9.3.1/../../../../arm-none-eabi/lib/thumb/v6-m/nofp\libc_nano.a(lib_a-stdio.o)
                0x000000000800ddf4                __sread
 .text.__swrite
                0x000000000800de1c       0x38 c:/st/stm32cubeide_1.6.1/stm32cubeide/plugins/com.st.stm32cube.ide.mcu.externaltools.gnu-tools-for-stm32.9-2020-q2-update.win32_1.5.0.202011040924/tools/bin/../lib/gcc/arm-none-eabi/9.3.1/../../../../arm-none-eabi/lib/thumb/v6-m/nofp\libc_nano.a(lib_a-stdio.o)
                0x000000000800de1c                __swrite
 .text.__sseek  0x000000000800de54       0x2c c:/st/stm32cubeide_1.6.1/stm32cubeide/plugins/com.st.stm32cube.ide.mcu.externaltools.gnu-tools-for-stm32.9-2020-q2-update.win32_1.5.0.202011040924/tools/bin/../lib/gcc/arm-none-eabi/9.3.1/../../../../arm-none-eabi/lib/thumb/v6-m/nofp\libc_nano.a(lib_a-stdio.o)
                0x000000000800de54                __sseek
 .text.__sclose
                0x000000000800de80        0xc c:/st/stm32cubeide_1.6.1/stm32cubeide/plugins/com.st.stm32cube.ide.mcu.externaltools.gnu-tools-for-stm32.9-2020-q2-update.win32_1.5.0.202011040924/tools/bin/../lib/gcc/arm-none-eabi/9.3.1/../../../../arm-none-eabi/lib/thumb/v6-m/nofp\libc_nano.a(lib_a-stdio.o)
                0x000000000800de80                __sclose
 .text.__swbuf_r
                0x000000000800de8c       0xac c:/st/stm32cubeide_1.6.1/stm32cubeide/plugins/com.st.stm32cube.ide.mcu.externaltools.gnu-tools-for-stm32.9-2020-q2-update.win32_1.5.0.202011040924/tools/bin/../lib/gcc/arm-none-eabi/9.3.1/../../../../arm-none-eabi/lib/thumb/v6-m/nofp\libc_nano.a(lib_a-wbuf.o)
                0x000000000800de8c                __swbuf_r
 .text._write_r
                0x000000000800df38       0x28 c:/st/stm32cubeide_1.6.1/stm32cubeide/plugins/com.st.stm32cube.ide.mcu.externaltools.gnu-tools-for-stm32.9-2020-q2-update.win32_1.5.0.202011040924/tools/bin/../lib/gcc/arm-none-eabi/9.3.1/../../../../arm-none-eabi/lib/thumb/v6-m/nofp\libc_nano.a(lib_a-writer.o)
                0x000000000800df38                _write_r
 .text.__swsetup_r
                0x000000000800df60       0xf0 c:/st/stm32cubeide_1.6.1/stm32cubeide/plugins/com.st.stm32cube.ide.mcu.externaltools.gnu-tools-for-stm32.9-2020-q2-update.win32_1.5.0.202011040924/tools/bin/../lib/gcc/arm-none-eabi/9.3.1/../../../../arm-none-eabi/lib/thumb/v6-m/nofp\libc_nano.a(lib_a-wsetup.o)
                0x000000000800df60                __swsetup_r
 .text._close_r
                0x000000000800e050       0x24 c:/st/stm32cubeide_1.6.1/stm32cubeide/plugins/com.st.stm32cube.ide.mcu.externaltools.gnu-tools-for-stm32.9-2020-q2-update.win32_1.5.0.202011040924/tools/bin/../lib/gcc/arm-none-eabi/9.3.1/../../../../arm-none-eabi/lib/thumb/v6-m/nofp\libc_nano.a(lib_a-closer.o)
                0x000000000800e050                _close_r
 .text._lseek_r
                0x000000000800e074       0x28 c:/st/stm32cubeide_1.6.1/stm32cubeide/plugins/com.st.stm32cube.ide.mcu.externaltools.gnu-tools-for-stm32.9-2020-q2-update.win32_1.5.0.202011040924/tools/bin/../lib/gcc/arm-none-eabi/9.3.1/../../../../arm-none-eabi/lib/thumb/v6-m/nofp\libc_nano.a(lib_a-lseekr.o)
                0x000000000800e074                _lseek_r
 .text.__swhatbuf_r
                0x000000000800e09c       0x50 c:/st/stm32cubeide_1.6.1/stm32cubeide/plugins/com.st.stm32cube.ide.mcu.externaltools.gnu-tools-for-stm32.9-2020-q2-update.win32_1.5.0.202011040924/tools/bin/../lib/gcc/arm-none-eabi/9.3.1/../../../../arm-none-eabi/lib/thumb/v6-m/nofp\libc_nano.a(lib_a-makebuf.o)
                0x000000000800e09c                __swhatbuf_r
 .text.__smakebuf_r
                0x000000000800e0ec       0x88 c:/st/stm32cubeide_1.6.1/stm32cubeide/plugins/com.st.stm32cube.ide.mcu.externaltools.gnu-tools-for-stm32.9-2020-q2-update.win32_1.5.0.202011040924/tools/bin/../lib/gcc/arm-none-eabi/9.3.1/../../../../arm-none-eabi/lib/thumb/v6-m/nofp\libc_nano.a(lib_a-makebuf.o)
                0x000000000800e0ec                __smakebuf_r
 .text.__malloc_lock
                0x000000000800e174       0x10 c:/st/stm32cubeide_1.6.1/stm32cubeide/plugins/com.st.stm32cube.ide.mcu.externaltools.gnu-tools-for-stm32.9-2020-q2-update.win32_1.5.0.202011040924/tools/bin/../lib/gcc/arm-none-eabi/9.3.1/../../../../arm-none-eabi/lib/thumb/v6-m/nofp\libc_nano.a(lib_a-mlock.o)
                0x000000000800e174                __malloc_lock
 .text.__malloc_unlock
                0x000000000800e184       0x10 c:/st/stm32cubeide_1.6.1/stm32cubeide/plugins/com.st.stm32cube.ide.mcu.externaltools.gnu-tools-for-stm32.9-2020-q2-update.win32_1.5.0.202011040924/tools/bin/../lib/gcc/arm-none-eabi/9.3.1/../../../../arm-none-eabi/lib/thumb/v6-m/nofp\libc_nano.a(lib_a-mlock.o)
                0x000000000800e184                __malloc_unlock
 .text.__sfputc_r
                0x000000000800e194       0x2a c:/st/stm32cubeide_1.6.1/stm32cubeide/plugins/com.st.stm32cube.ide.mcu.externaltools.gnu-tools-for-stm32.9-2020-q2-update.win32_1.5.0.202011040924/tools/bin/../lib/gcc/arm-none-eabi/9.3.1/../../../../arm-none-eabi/lib/thumb/v6-m/nofp\libc_nano.a(lib_a-nano-vfprintf.o)
 .text.__sfputs_r
                0x000000000800e1be       0x24 c:/st/stm32cubeide_1.6.1/stm32cubeide/plugins/com.st.stm32cube.ide.mcu.externaltools.gnu-tools-for-stm32.9-2020-q2-update.win32_1.5.0.202011040924/tools/bin/../lib/gcc/arm-none-eabi/9.3.1/../../../../arm-none-eabi/lib/thumb/v6-m/nofp\libc_nano.a(lib_a-nano-vfprintf.o)
                0x000000000800e1be                __sfputs_r
 *fill*         0x000000000800e1e2        0x2 
 .text._vfprintf_r
                0x000000000800e1e4      0x274 c:/st/stm32cubeide_1.6.1/stm32cubeide/plugins/com.st.stm32cube.ide.mcu.externaltools.gnu-tools-for-stm32.9-2020-q2-update.win32_1.5.0.202011040924/tools/bin/../lib/gcc/arm-none-eabi/9.3.1/../../../../arm-none-eabi/lib/thumb/v6-m/nofp\libc_nano.a(lib_a-nano-vfprintf.o)
                0x000000000800e1e4                _vfprintf_r
                0x000000000800e1e4                _vfiprintf_r
 .text._printf_common
                0x000000000800e458       0xde c:/st/stm32cubeide_1.6.1/stm32cubeide/plugins/com.st.stm32cube.ide.mcu.externaltools.gnu-tools-for-stm32.9-2020-q2-update.win32_1.5.0.202011040924/tools/bin/../lib/gcc/arm-none-eabi/9.3.1/../../../../arm-none-eabi/lib/thumb/v6-m/nofp\libc_nano.a(lib_a-nano-vfprintf_i.o)
                0x000000000800e458                _printf_common
 *fill*         0x000000000800e536        0x2 
 .text._printf_i
                0x000000000800e538      0x224 c:/st/stm32cubeide_1.6.1/stm32cubeide/plugins/com.st.stm32cube.ide.mcu.externaltools.gnu-tools-for-stm32.9-2020-q2-update.win32_1.5.0.202011040924/tools/bin/../lib/gcc/arm-none-eabi/9.3.1/../../../../arm-none-eabi/lib/thumb/v6-m/nofp\libc_nano.a(lib_a-nano-vfprintf_i.o)
                0x000000000800e538                _printf_i
 .text._read_r  0x000000000800e75c       0x28 c:/st/stm32cubeide_1.6.1/stm32cubeide/plugins/com.st.stm32cube.ide.mcu.externaltools.gnu-tools-for-stm32.9-2020-q2-update.win32_1.5.0.202011040924/tools/bin/../lib/gcc/arm-none-eabi/9.3.1/../../../../arm-none-eabi/lib/thumb/v6-m/nofp\libc_nano.a(lib_a-readr.o)
                0x000000000800e75c                _read_r
 .text._fstat_r
                0x000000000800e784       0x24 c:/st/stm32cubeide_1.6.1/stm32cubeide/plugins/com.st.stm32cube.ide.mcu.externaltools.gnu-tools-for-stm32.9-2020-q2-update.win32_1.5.0.202011040924/tools/bin/../lib/gcc/arm-none-eabi/9.3.1/../../../../arm-none-eabi/lib/thumb/v6-m/nofp\libc_nano.a(lib_a-fstatr.o)
                0x000000000800e784                _fstat_r
 .text._isatty_r
                0x000000000800e7a8       0x24 c:/st/stm32cubeide_1.6.1/stm32cubeide/plugins/com.st.stm32cube.ide.mcu.externaltools.gnu-tools-for-stm32.9-2020-q2-update.win32_1.5.0.202011040924/tools/bin/../lib/gcc/arm-none-eabi/9.3.1/../../../../arm-none-eabi/lib/thumb/v6-m/nofp\libc_nano.a(lib_a-isattyr.o)
                0x000000000800e7a8                _isatty_r
 .text.memchr   0x000000000800e7cc       0x16 c:/st/stm32cubeide_1.6.1/stm32cubeide/plugins/com.st.stm32cube.ide.mcu.externaltools.gnu-tools-for-stm32.9-2020-q2-update.win32_1.5.0.202011040924/tools/bin/../lib/gcc/arm-none-eabi/9.3.1/../../../../arm-none-eabi/lib/thumb/v6-m/nofp\libc_nano.a(lib_a-memchr-stub.o)
                0x000000000800e7cc                memchr
 *(.glue_7)
 .glue_7        0x000000000800e7e2        0x0 linker stubs
 *(.glue_7t)
 .glue_7t       0x000000000800e7e2        0x0 linker stubs
 *(.eh_frame)
 *fill*         0x000000000800e7e2        0x2 
 .eh_frame      0x000000000800e7e4        0x0 c:/st/stm32cubeide_1.6.1/stm32cubeide/plugins/com.st.stm32cube.ide.mcu.externaltools.gnu-tools-for-stm32.9-2020-q2-update.win32_1.5.0.202011040924/tools/bin/../lib/gcc/arm-none-eabi/9.3.1/thumb/v6-m/nofp/crtbegin.o
 *(.init)
 .init          0x000000000800e7e4        0x4 c:/st/stm32cubeide_1.6.1/stm32cubeide/plugins/com.st.stm32cube.ide.mcu.externaltools.gnu-tools-for-stm32.9-2020-q2-update.win32_1.5.0.202011040924/tools/bin/../lib/gcc/arm-none-eabi/9.3.1/thumb/v6-m/nofp/crti.o
                0x000000000800e7e4                _init
 .init          0x000000000800e7e8        0x8 c:/st/stm32cubeide_1.6.1/stm32cubeide/plugins/com.st.stm32cube.ide.mcu.externaltools.gnu-tools-for-stm32.9-2020-q2-update.win32_1.5.0.202011040924/tools/bin/../lib/gcc/arm-none-eabi/9.3.1/thumb/v6-m/nofp/crtn.o
 *(.fini)
 .fini          0x000000000800e7f0        0x4 c:/st/stm32cubeide_1.6.1/stm32cubeide/plugins/com.st.stm32cube.ide.mcu.externaltools.gnu-tools-for-stm32.9-2020-q2-update.win32_1.5.0.202011040924/tools/bin/../lib/gcc/arm-none-eabi/9.3.1/thumb/v6-m/nofp/crti.o
                0x000000000800e7f0                _fini
 .fini          0x000000000800e7f4        0x8 c:/st/stm32cubeide_1.6.1/stm32cubeide/plugins/com.st.stm32cube.ide.mcu.externaltools.gnu-tools-for-stm32.9-2020-q2-update.win32_1.5.0.202011040924/tools/bin/../lib/gcc/arm-none-eabi/9.3.1/thumb/v6-m/nofp/crtn.o
                0x000000000800e7fc                . = ALIGN (0x4)
                0x000000000800e7fc                _etext = .

.vfp11_veneer   0x000000000800e7fc        0x0
 .vfp11_veneer  0x000000000800e7fc        0x0 linker stubs

.v4_bx          0x000000000800e7fc        0x0
 .v4_bx         0x000000000800e7fc        0x0 linker stubs

.iplt           0x000000000800e7fc        0x0
 .iplt          0x000000000800e7fc        0x0 c:/st/stm32cubeide_1.6.1/stm32cubeide/plugins/com.st.stm32cube.ide.mcu.externaltools.gnu-tools-for-stm32.9-2020-q2-update.win32_1.5.0.202011040924/tools/bin/../lib/gcc/arm-none-eabi/9.3.1/thumb/v6-m/nofp/crtbegin.o

.rodata         0x000000000800e7fc      0x940
                0x000000000800e7fc                . = ALIGN (0x4)
 *(.rodata)
 .rodata        0x000000000800e7fc      0x1c5 Core/CANopenNode_STM32/CO_app_STM32.o
 *fill*         0x000000000800e9c1        0x3 
 .rodata        0x000000000800e9c4       0x1c Core/Src/app_freertos.o
 .rodata        0x000000000800e9e0        0x5 Middlewares/Third_Party/FreeRTOS/Source/tasks.o
 *fill*         0x000000000800e9e5        0x3 
 .rodata        0x000000000800e9e8        0xd Middlewares/Third_Party/FreeRTOS/Source/timers.o
 *(.rodata*)
 *fill*         0x000000000800e9f5        0x3 
 .rodata.abortCodes.8567
                0x000000000800e9f8       0x68 Core/CANopenNode/301/CO_ODinterface.o
 .rodata.OD_write_18xx
                0x000000000800ea60       0x1c Core/CANopenNode/301/CO_PDO.o
 .rodata.CO_LEDs_process
                0x000000000800ea7c       0x84 Core/CANopenNode/303/CO_LEDs.o
 .rodata.CO_LSS_bitTimingTableLookup
                0x000000000800eb00       0x14 Core/CANopenNode/305/CO_LSSslave.o
 .rodata.CO_LSSslave_receive
                0x000000000800eb14       0x48 Core/CANopenNode/305/CO_LSSslave.o
 .rodata.CO_LSSslave_process
                0x000000000800eb5c      0x16c Core/CANopenNode/305/CO_LSSslave.o
 .rodata.prv_send_can_message
                0x000000000800ecc8       0x24 Core/CANopenNode_STM32/CO_driver_STM32.o
 .rodata.ODObjs
                0x000000000800ecec      0x2d8 Core/CANopenNode_STM32/OD.o
 .rodata.defaultTask_attributes
                0x000000000800efc4       0x24 Core/Src/app_freertos.o
                0x000000000800efc4                defaultTask_attributes
 .rodata.CanOpenMenagerT_attributes
                0x000000000800efe8       0x24 Core/Src/app_freertos.o
                0x000000000800efe8                CanOpenMenagerT_attributes
 .rodata.AHBPrescTable
                0x000000000800f00c       0x40 Core/Src/system_stm32g0xx.o
                0x000000000800f00c                AHBPrescTable
 .rodata.APBPrescTable
                0x000000000800f04c       0x20 Core/Src/system_stm32g0xx.o
                0x000000000800f04c                APBPrescTable
 .rodata.DLCtoBytes
                0x000000000800f06c       0x10 Drivers/STM32G0xx_HAL_Driver/Src/stm32g0xx_hal_fdcan.o
 .rodata.prvProcessReceivedCommands
                0x000000000800f07c       0x28 Middlewares/Third_Party/FreeRTOS/Source/timers.o
 .rodata.__sf_fake_stderr
                0x000000000800f0a4       0x20 c:/st/stm32cubeide_1.6.1/stm32cubeide/plugins/com.st.stm32cube.ide.mcu.externaltools.gnu-tools-for-stm32.9-2020-q2-update.win32_1.5.0.202011040924/tools/bin/../lib/gcc/arm-none-eabi/9.3.1/../../../../arm-none-eabi/lib/thumb/v6-m/nofp\libc_nano.a(lib_a-findfp.o)
                0x000000000800f0a4                __sf_fake_stderr
 .rodata.__sf_fake_stdin
                0x000000000800f0c4       0x20 c:/st/stm32cubeide_1.6.1/stm32cubeide/plugins/com.st.stm32cube.ide.mcu.externaltools.gnu-tools-for-stm32.9-2020-q2-update.win32_1.5.0.202011040924/tools/bin/../lib/gcc/arm-none-eabi/9.3.1/../../../../arm-none-eabi/lib/thumb/v6-m/nofp\libc_nano.a(lib_a-findfp.o)
                0x000000000800f0c4                __sf_fake_stdin
 .rodata.__sf_fake_stdout
                0x000000000800f0e4       0x20 c:/st/stm32cubeide_1.6.1/stm32cubeide/plugins/com.st.stm32cube.ide.mcu.externaltools.gnu-tools-for-stm32.9-2020-q2-update.win32_1.5.0.202011040924/tools/bin/../lib/gcc/arm-none-eabi/9.3.1/../../../../arm-none-eabi/lib/thumb/v6-m/nofp\libc_nano.a(lib_a-findfp.o)
                0x000000000800f0e4                __sf_fake_stdout
 .rodata._global_impure_ptr
                0x000000000800f104        0x4 c:/st/stm32cubeide_1.6.1/stm32cubeide/plugins/com.st.stm32cube.ide.mcu.externaltools.gnu-tools-for-stm32.9-2020-q2-update.win32_1.5.0.202011040924/tools/bin/../lib/gcc/arm-none-eabi/9.3.1/../../../../arm-none-eabi/lib/thumb/v6-m/nofp\libc_nano.a(lib_a-impure.o)
                0x000000000800f104                _global_impure_ptr
 .rodata._vfprintf_r.str1.1
                0x000000000800f108       0x11 c:/st/stm32cubeide_1.6.1/stm32cubeide/plugins/com.st.stm32cube.ide.mcu.externaltools.gnu-tools-for-stm32.9-2020-q2-update.win32_1.5.0.202011040924/tools/bin/../lib/gcc/arm-none-eabi/9.3.1/../../../../arm-none-eabi/lib/thumb/v6-m/nofp\libc_nano.a(lib_a-nano-vfprintf.o)
 .rodata._printf_i.str1.1
                0x000000000800f119       0x22 c:/st/stm32cubeide_1.6.1/stm32cubeide/plugins/com.st.stm32cube.ide.mcu.externaltools.gnu-tools-for-stm32.9-2020-q2-update.win32_1.5.0.202011040924/tools/bin/../lib/gcc/arm-none-eabi/9.3.1/../../../../arm-none-eabi/lib/thumb/v6-m/nofp\libc_nano.a(lib_a-nano-vfprintf_i.o)
                0x000000000800f13c                . = ALIGN (0x4)
 *fill*         0x000000000800f13b        0x1 

.rel.dyn        0x000000000800f13c        0x0
 .rel.iplt      0x000000000800f13c        0x0 c:/st/stm32cubeide_1.6.1/stm32cubeide/plugins/com.st.stm32cube.ide.mcu.externaltools.gnu-tools-for-stm32.9-2020-q2-update.win32_1.5.0.202011040924/tools/bin/../lib/gcc/arm-none-eabi/9.3.1/thumb/v6-m/nofp/crtbegin.o

.ARM.extab      0x000000000800f13c        0x0
                0x000000000800f13c                . = ALIGN (0x4)
 *(.ARM.extab* .gnu.linkonce.armextab.*)
                0x000000000800f13c                . = ALIGN (0x4)

.ARM            0x000000000800f13c        0x0
                0x000000000800f13c                . = ALIGN (0x4)
                0x000000000800f13c                __exidx_start = .
 *(.ARM.exidx*)
                0x000000000800f13c                __exidx_end = .
                0x000000000800f13c                . = ALIGN (0x4)

.preinit_array  0x000000000800f13c        0x0
                0x000000000800f13c                . = ALIGN (0x4)
                0x000000000800f13c                PROVIDE (__preinit_array_start = .)
 *(.preinit_array*)
                0x000000000800f13c                PROVIDE (__preinit_array_end = .)
                0x000000000800f13c                . = ALIGN (0x4)

.init_array     0x000000000800f13c        0x4
                0x000000000800f13c                . = ALIGN (0x4)
                0x000000000800f13c                PROVIDE (__init_array_start = .)
 *(SORT_BY_NAME(.init_array.*))
 *(.init_array*)
 .init_array    0x000000000800f13c        0x4 c:/st/stm32cubeide_1.6.1/stm32cubeide/plugins/com.st.stm32cube.ide.mcu.externaltools.gnu-tools-for-stm32.9-2020-q2-update.win32_1.5.0.202011040924/tools/bin/../lib/gcc/arm-none-eabi/9.3.1/thumb/v6-m/nofp/crtbegin.o
                0x000000000800f140                PROVIDE (__init_array_end = .)
                0x000000000800f140                . = ALIGN (0x4)

.fini_array     0x000000000800f140        0x4
                0x000000000800f140                . = ALIGN (0x4)
                [!provide]                        PROVIDE (__fini_array_start = .)
 *(SORT_BY_NAME(.fini_array.*))
 *(.fini_array*)
 .fini_array    0x000000000800f140        0x4 c:/st/stm32cubeide_1.6.1/stm32cubeide/plugins/com.st.stm32cube.ide.mcu.externaltools.gnu-tools-for-stm32.9-2020-q2-update.win32_1.5.0.202011040924/tools/bin/../lib/gcc/arm-none-eabi/9.3.1/thumb/v6-m/nofp/crtbegin.o
                [!provide]                        PROVIDE (__fini_array_end = .)
                0x000000000800f144                . = ALIGN (0x4)
                0x000000000800f144                _sidata = LOADADDR (.data)

.data           0x0000000020000000      0x2ac load address 0x000000000800f144
                0x0000000020000000                . = ALIGN (0x4)
                0x0000000020000000                _sdata = .
 *(.data)
 *(.data*)
 .data.OD_PERSIST_COMM
                0x0000000020000000       0xd0 Core/CANopenNode_STM32/OD.o
                0x0000000020000000                OD_PERSIST_COMM
 .data.OD_RAM   0x00000000200000d0       0x3c Core/CANopenNode_STM32/OD.o
                0x00000000200000d0                OD_RAM
 .data.ODList   0x000000002000010c      0x120 Core/CANopenNode_STM32/OD.o
 .data._OD      0x000000002000022c        0x8 Core/CANopenNode_STM32/OD.o
 .data.OD       0x0000000020000234        0x4 Core/CANopenNode_STM32/OD.o
                0x0000000020000234                OD
 .data.SystemCoreClock
                0x0000000020000238        0x4 Core/Src/system_stm32g0xx.o
                0x0000000020000238                SystemCoreClock
 .data.uwTickPrio
                0x000000002000023c        0x4 Drivers/STM32G0xx_HAL_Driver/Src/stm32g0xx_hal.o
                0x000000002000023c                uwTickPrio
 .data.uwTickFreq
                0x0000000020000240        0x1 Drivers/STM32G0xx_HAL_Driver/Src/stm32g0xx_hal.o
                0x0000000020000240                uwTickFreq
 *fill*         0x0000000020000241        0x3 
 .data.uxCriticalNesting
                0x0000000020000244        0x4 Middlewares/Third_Party/FreeRTOS/Source/portable/GCC/ARM_CM0/port.o
 .data._impure_ptr
                0x0000000020000248        0x4 c:/st/stm32cubeide_1.6.1/stm32cubeide/plugins/com.st.stm32cube.ide.mcu.externaltools.gnu-tools-for-stm32.9-2020-q2-update.win32_1.5.0.202011040924/tools/bin/../lib/gcc/arm-none-eabi/9.3.1/../../../../arm-none-eabi/lib/thumb/v6-m/nofp\libc_nano.a(lib_a-impure.o)
                0x0000000020000248                _impure_ptr
 .data.impure_data
                0x000000002000024c       0x60 c:/st/stm32cubeide_1.6.1/stm32cubeide/plugins/com.st.stm32cube.ide.mcu.externaltools.gnu-tools-for-stm32.9-2020-q2-update.win32_1.5.0.202011040924/tools/bin/../lib/gcc/arm-none-eabi/9.3.1/../../../../arm-none-eabi/lib/thumb/v6-m/nofp\libc_nano.a(lib_a-impure.o)
 *(.RamFunc)
 *(.RamFunc*)
                0x00000000200002ac                . = ALIGN (0x4)
                0x00000000200002ac                _edata = .

.igot.plt       0x00000000200002ac        0x0 load address 0x000000000800f3f0
 .igot.plt      0x00000000200002ac        0x0 c:/st/stm32cubeide_1.6.1/stm32cubeide/plugins/com.st.stm32cube.ide.mcu.externaltools.gnu-tools-for-stm32.9-2020-q2-update.win32_1.5.0.202011040924/tools/bin/../lib/gcc/arm-none-eabi/9.3.1/thumb/v6-m/nofp/crtbegin.o
                0x00000000200002ac                . = ALIGN (0x4)

.bss            0x00000000200002ac     0x1b58 load address 0x000000000800f3f0
                0x00000000200002ac                _sbss = .
                0x00000000200002ac                __bss_start__ = _sbss
 *(.bss)
 .bss           0x00000000200002ac       0x1c c:/st/stm32cubeide_1.6.1/stm32cubeide/plugins/com.st.stm32cube.ide.mcu.externaltools.gnu-tools-for-stm32.9-2020-q2-update.win32_1.5.0.202011040924/tools/bin/../lib/gcc/arm-none-eabi/9.3.1/thumb/v6-m/nofp/crtbegin.o
 *(.bss*)
 .bss.CO        0x00000000200002c8        0x4 Core/CANopenNode_STM32/CO_app_STM32.o
                0x00000000200002c8                CO
 .bss.CANModule_local
                0x00000000200002cc        0x4 Core/CANopenNode_STM32/CO_driver_STM32.o
 .bss.tx_hdr.9331
                0x00000000200002d0       0x24 Core/CANopenNode_STM32/CO_driver_STM32.o
 .bss.rx_hdr.9374
                0x00000000200002f4       0x28 Core/CANopenNode_STM32/CO_driver_STM32.o
 .bss.canOpenNodeID
                0x000000002000031c        0x1 Core/Src/conf_inputs.o
 *fill*         0x000000002000031d        0x3 
 .bss.HAL_RCC_FDCAN_CLK_ENABLED
                0x0000000020000320        0x4 Core/Src/fdcan.o
 .bss.__sbrk_heap_end
                0x0000000020000324        0x4 Core/Src/sysmem.o
 .bss.KernelState
                0x0000000020000328        0x4 Middlewares/Third_Party/FreeRTOS/Source/CMSIS_RTOS_V2/cmsis_os2.o
 .bss.Idle_TCB.9476
                0x000000002000032c       0x5c Middlewares/Third_Party/FreeRTOS/Source/CMSIS_RTOS_V2/cmsis_os2.o
 .bss.Idle_Stack.9477
                0x0000000020000388      0x200 Middlewares/Third_Party/FreeRTOS/Source/CMSIS_RTOS_V2/cmsis_os2.o
 .bss.Timer_TCB.9483
                0x0000000020000588       0x5c Middlewares/Third_Party/FreeRTOS/Source/CMSIS_RTOS_V2/cmsis_os2.o
 .bss.Timer_Stack.9484
                0x00000000200005e4      0x400 Middlewares/Third_Party/FreeRTOS/Source/CMSIS_RTOS_V2/cmsis_os2.o
 .bss.pxCurrentTCB
                0x00000000200009e4        0x4 Middlewares/Third_Party/FreeRTOS/Source/tasks.o
                0x00000000200009e4                pxCurrentTCB
 .bss.pxReadyTasksLists
                0x00000000200009e8      0x460 Middlewares/Third_Party/FreeRTOS/Source/tasks.o
 .bss.xDelayedTaskList1
                0x0000000020000e48       0x14 Middlewares/Third_Party/FreeRTOS/Source/tasks.o
 .bss.xDelayedTaskList2
                0x0000000020000e5c       0x14 Middlewares/Third_Party/FreeRTOS/Source/tasks.o
 .bss.pxDelayedTaskList
                0x0000000020000e70        0x4 Middlewares/Third_Party/FreeRTOS/Source/tasks.o
 .bss.pxOverflowDelayedTaskList
                0x0000000020000e74        0x4 Middlewares/Third_Party/FreeRTOS/Source/tasks.o
 .bss.xPendingReadyList