CO_ODinterface.h:483:24:OD_getFlagsPDO	16	static
CO_ODinterface.h:510:20:OD_requestTPDO	24	static
CO_ODinterface.h:532:22:OD_TPDOtransmitted	24	static
CO_ODinterface.h:588:21:OD_extension_init	16	static
app_freertos.c:110:6:vApplicationIdleHook	8	static
app_freertos.c:125:6:vApplicationTickHook	8	static
app_freertos.c:136:6:vApplicationStackOverflowHook	16	static
app_freertos.c:145:6:vApplicationMallocFailedHook	8	static
app_freertos.c:161:6:vApplicationDaemonTaskStartupHook	8	static
app_freertos.c:171:6:MX_FREERTOS_Init	8	static
app_freertos.c:219:6:tpdoRequester	24	static
app_freertos.c:257:6:CanOpenMenager	128	static
app_freertos.c:334:6:InputCheck	72	static
