CO_ODinterface.h:483:24:OD_getFlagsPDO	16	static
CO_ODinterface.h:510:20:OD_requestTPDO	24	static
CO_ODinterface.h:532:22:OD_TPDOtransmitted	24	static
CO_ODinterface.h:588:21:OD_extension_init	16	static
app_freertos.c:103:6:vApplicationIdleHook	8	static
app_freertos.c:118:6:vApplicationTickHook	8	static
app_freertos.c:129:6:vApplicationStackOverflowHook	16	static
app_freertos.c:138:6:vApplicationMallocFailedHook	8	static
app_freertos.c:154:6:vApplicationDaemonTaskStartupHook	8	static
app_freertos.c:164:6:MX_FREERTOS_Init	8	static
app_freertos.c:212:6:tpdoRequester	40	static,ignoring_inline_asm
app_freertos.c:256:6:CanOpenMenager	88	static
app_freertos.c:308:6:InputCheck	80	static,ignoring_inline_asm
